
> alertmend-ai@1.0.0 build
> npm run generate:blog-list && npm run build:sitemap && npm run build:blog && npm run validate:blogs && tsc && vite build && npm run prerender


> alertmend-ai@1.0.0 generate:blog-list
> node scripts/generate-blog-list.js

✅ Generated blog list with 651 blogs: /Users/turing/Downloads/AlertMend.io/src/utils/blogList.json

> alertmend-ai@1.0.0 build:sitemap
> node scripts/generate-sitemap.js

✅ Generated sitemap.xml with 651 blog posts
   42 new blogs use /blog/{slug} only
   609 existing blogs include both /blog/{slug} and /blogs/{slug}.html

> alertmend-ai@1.0.0 build:blog
> node scripts/build-blog-html.js && node scripts/fix-html-descriptions.js

Found 651 markdown files to convert...
✓ Converted 24x7-network-monitoring.md → blogs/24x7-Network-Monitoring.html
✓ Converted 24x7-network-monitoring.md → blog/24x7-network-monitoring/index.html
✓ Converted 5-common-kubernetes-challenges.md → blogs/5-Common-Kubernetes-Challenges.html
✓ Converted 5-common-kubernetes-challenges.md → blog/5-common-kubernetes-challenges/index.html
✓ Converted 5-ways-aiops-transforming-infrastructure.md → blogs/5-Ways-Aiops-Transforming-Infrastructure.html
✓ Converted 5-ways-aiops-transforming-infrastructure.md → blog/5-ways-aiops-transforming-infrastructure/index.html
✓ Converted 503-no-healthy-upstream.md → blogs/503-No-Healthy-Upstream.html
✓ Converted 503-no-healthy-upstream.md → blog/503-no-healthy-upstream/index.html
✓ Converted 5xx-error.md → blogs/5xx-Error.html
✓ Converted 5xx-error.md → blog/5xx-error/index.html
✓ Converted 5xx-errors.md → blogs/5xx-Errors.html
✓ Converted 5xx-errors.md → blog/5xx-errors/index.html
✓ Converted 5xx-server-error.md → blogs/5xx-Server-Error.html
✓ Converted 5xx-server-error.md → blog/5xx-server-error/index.html
✓ Converted achieving-enterprise-readiness-with-kubernetes-in-2025.md → blogs/Achieving-Enterprise-Readiness-with-Kubernetes-in-2025.html
✓ Converted achieving-enterprise-readiness-with-kubernetes-in-2025.md → blog/achieving-enterprise-readiness-with-kubernetes-in-2025/index.html
✓ Converted addressing-kubernetes-overhead-is-it-still-the-right-choice-for-your-infrastructure.md → blogs/Addressing-Kubernetes-Overhead-Is-It-Still-the-Right-Choice-for-Your-Infrastructure.html
✓ Converted addressing-kubernetes-overhead-is-it-still-the-right-choice-for-your-infrastructure.md → blog/addressing-kubernetes-overhead-is-it-still-the-right-choice-for-your-infrastructure/index.html
✓ Converted advanced-kubernetes-health-checks-ai.md → blogs/Advanced-Kubernetes-Health-Checks-Ai.html
✓ Converted advanced-kubernetes-health-checks-ai.md → blog/advanced-kubernetes-health-checks-ai/index.html
✓ Converted ai-based-kubernetes-scaling.md → blogs/Ai-Based-Kubernetes-Scaling.html
✓ Converted ai-based-kubernetes-scaling.md → blog/ai-based-kubernetes-scaling/index.html
✓ Converted ai-driven-anomaly-detection-in-kubernetes.md → blogs/Ai-Driven-Anomaly-Detection-in-Kubernetes.html
✓ Converted ai-driven-anomaly-detection-in-kubernetes.md → blog/ai-driven-anomaly-detection-in-kubernetes/index.html
✓ Converted ai-driven-automation-trends-in-kubernetes-2025.md → blogs/Ai-Driven-Automation-Trends-in-Kubernetes-2025.html
✓ Converted ai-driven-automation-trends-in-kubernetes-2025.md → blog/ai-driven-automation-trends-in-kubernetes-2025/index.html
✓ Converted ai-driven-it-operations-management.md → blogs/Ai-Driven-It-Operations-Management.html
✓ Converted ai-driven-it-operations-management.md → blog/ai-driven-it-operations-management/index.html
✓ Converted ai-driven-kubernetes-management.md → blogs/Ai-Driven-Kubernetes-Management.html
✓ Converted ai-driven-kubernetes-management.md → blog/ai-driven-kubernetes-management/index.html
✓ Converted ai-driven-kubernetes-monitoring-techniques.md → blogs/Ai-Driven-Kubernetes-Monitoring-Techniques.html
✓ Converted ai-driven-kubernetes-monitoring-techniques.md → blog/ai-driven-kubernetes-monitoring-techniques/index.html
✓ Converted ai-driven-kubernetes-orchestration.md → blogs/Ai-Driven-Kubernetes-Orchestration.html
✓ Converted ai-driven-kubernetes-orchestration.md → blog/ai-driven-kubernetes-orchestration/index.html
✓ Converted ai-enhanced-kubernetes-deployment-strategies.md → blogs/Ai-Enhanced-Kubernetes-Deployment-Strategies.html
✓ Converted ai-enhanced-kubernetes-deployment-strategies.md → blog/ai-enhanced-kubernetes-deployment-strategies/index.html
✓ Converted ai-enhanced-kubernetes-security.md → blogs/Ai-Enhanced-Kubernetes-Security.html
✓ Converted ai-enhanced-kubernetes-security.md → blog/ai-enhanced-kubernetes-security/index.html
✓ Converted ai-in-kubernetes-devops-workflows.md → blogs/Ai-in-Kubernetes-Devops-Workflows.html
✓ Converted ai-in-kubernetes-devops-workflows.md → blog/ai-in-kubernetes-devops-workflows/index.html
✓ Converted ai-kubernetes-maintenance.md → blogs/Ai-Kubernetes-Maintenance.html
✓ Converted ai-kubernetes-maintenance.md → blog/ai-kubernetes-maintenance/index.html
✓ Converted ai-kubernetes-optimization.md → blogs/Ai-Kubernetes-Optimization.html
✓ Converted ai-kubernetes-optimization.md → blog/ai-kubernetes-optimization/index.html
✓ Converted ai-kubernetes-resource-allocation.md → blogs/Ai-Kubernetes-Resource-Allocation.html
✓ Converted ai-kubernetes-resource-allocation.md → blog/ai-kubernetes-resource-allocation/index.html
✓ Converted ai-powered-kubernetes-resource-allocation.md → blogs/Ai-Powered-Kubernetes-Resource-Allocation.html
✓ Converted ai-powered-kubernetes-resource-allocation.md → blog/ai-powered-kubernetes-resource-allocation/index.html
✓ Converted ai-solutions-for-kubernetes.md → blogs/Ai-Solutions-for-Kubernetes.html
✓ Converted ai-solutions-for-kubernetes.md → blog/ai-solutions-for-kubernetes/index.html
✓ Converted aiops-2025-automating-it-operations-with-ai-driven-efficiency.md → blogs/Aiops-2025-Automating-It-Operations-with-Ai-Driven-Efficiency.html
✓ Converted aiops-2025-automating-it-operations-with-ai-driven-efficiency.md → blog/aiops-2025-automating-it-operations-with-ai-driven-efficiency/index.html
✓ Converted aiops-for-predictive-analytics-in-devops.md → blogs/Aiops-for-Predictive-Analytics-in-Devops.html
✓ Converted aiops-for-predictive-analytics-in-devops.md → blog/aiops-for-predictive-analytics-in-devops/index.html
✓ Converted aiops-implementation-guide.md → blogs/Aiops-Implementation-Guide.html
✓ Converted aiops-implementation-guide.md → blog/aiops-implementation-guide/index.html
✓ Converted aiops-implementation-strategies.md → blogs/Aiops-Implementation-Strategies.html
✓ Converted aiops-implementation-strategies.md → blog/aiops-implementation-strategies/index.html
✓ Converted aiops-integration-with-existing-it-workflows.md → blogs/Aiops-Integration-with-Existing-It-Workflows.html
✓ Converted aiops-integration-with-existing-it-workflows.md → blog/aiops-integration-with-existing-it-workflows/index.html
✓ Converted aiops-solutions-for-alerting-systems.md → blogs/Aiops-Solutions-for-Alerting-Systems.html
✓ Converted aiops-solutions-for-alerting-systems.md → blog/aiops-solutions-for-alerting-systems/index.html
✓ Converted aiops-trends-in-cloud-native-application-management.md → blogs/Aiops-Trends-in-Cloud-Native-Application-Management.html
✓ Converted aiops-trends-in-cloud-native-application-management.md → blog/aiops-trends-in-cloud-native-application-management/index.html
✓ Converted aks-vs-eks.md → blogs/Aks-Vs-Eks.html
✓ Converted aks-vs-eks.md → blog/aks-vs-eks/index.html
✓ Converted alarm-com-monitoring-cost.md → blogs/Alarm-Com-Monitoring-Cost.html
✓ Converted alarm-com-monitoring-cost.md → blog/alarm-com-monitoring-cost/index.html
✓ Converted alerting-for-kubernetes-error-resolution.md → blogs/Alerting-for-Kubernetes-Error-Resolution.html
✓ Converted alerting-for-kubernetes-error-resolution.md → blog/alerting-for-kubernetes-error-resolution/index.html
✓ Converted alertmend-auto-remediation-tools.md → blogs/Alertmend-Auto-Remediation-Tools.html
✓ Converted alertmend-auto-remediation-tools.md → blog/alertmend-auto-remediation-tools/index.html
✓ Converted alertmend-auto-remediation.md → blogs/Alertmend-Auto-Remediation.html
✓ Converted alertmend-auto-remediation.md → blog/alertmend-auto-remediation/index.html
✓ Converted alertmend-automated-incident-remediation.md → blogs/Alertmend-Automated-Incident-Remediation.html
✓ Converted alertmend-automated-incident-remediation.md → blog/alertmend-automated-incident-remediation/index.html
✓ Converted alertmend-automated-runbooks.md → blogs/Alertmend-Automated-Runbooks.html
✓ Converted alertmend-automated-runbooks.md → blog/alertmend-automated-runbooks/index.html
✓ Converted alertmend-aws-incident-management.md → blogs/Alertmend-Aws-Incident-Management.html
✓ Converted alertmend-aws-incident-management.md → blog/alertmend-aws-incident-management/index.html
✓ Converted alertmend-azure-incident-management.md → blogs/Alertmend-Azure-Incident-Management.html
✓ Converted alertmend-azure-incident-management.md → blog/alertmend-azure-incident-management/index.html
✓ Converted alertmend-call-alerting.md → blogs/Alertmend-Call-Alerting.html
✓ Converted alertmend-call-alerting.md → blog/alertmend-call-alerting/index.html
✓ Converted alertmend-call-automation.md → blogs/Alertmend-Call-Automation.html
✓ Converted alertmend-call-automation.md → blog/alertmend-call-automation/index.html
✓ Converted alertmend-call-escalation-policy.md → blogs/Alertmend-Call-Escalation-Policy.html
✓ Converted alertmend-call-escalation-policy.md → blog/alertmend-call-escalation-policy/index.html
✓ Converted alertmend-call-escalation.md → blogs/Alertmend-Call-Escalation.html
✓ Converted alertmend-call-escalation.md → blog/alertmend-call-escalation/index.html
✓ Converted alertmend-call-incident-management.md → blogs/Alertmend-Call-Incident-Management.html
✓ Converted alertmend-call-incident-management.md → blog/alertmend-call-incident-management/index.html
✓ Converted alertmend-call-incident-response.md → blogs/Alertmend-Call-Incident-Response.html
✓ Converted alertmend-call-incident-response.md → blog/alertmend-call-incident-response/index.html
✓ Converted alertmend-call-paging-software.md → blogs/Alertmend-Call-Paging-Software.html
✓ Converted alertmend-call-paging-software.md → blog/alertmend-call-paging-software/index.html
✓ Converted alertmend-call-scheduling-software.md → blogs/Alertmend-Call-Scheduling-Software.html
✓ Converted alertmend-call-scheduling-software.md → blog/alertmend-call-scheduling-software/index.html
✓ Converted alertmend-call-software-startups.md → blogs/Alertmend-Call-Software-Startups.html
✓ Converted alertmend-call-software-startups.md → blog/alertmend-call-software-startups/index.html
✓ Converted alertmend-cloud-auto-remediation.md → blogs/Alertmend-Cloud-Auto-Remediation.html
✓ Converted alertmend-cloud-auto-remediation.md → blog/alertmend-cloud-auto-remediation/index.html
✓ Converted alertmend-cloud-incident-automation.md → blogs/Alertmend-Cloud-Incident-Automation.html
✓ Converted alertmend-cloud-incident-automation.md → blog/alertmend-cloud-incident-automation/index.html
✓ Converted alertmend-cloud-incident-response.md → blogs/Alertmend-Cloud-Incident-Response.html
✓ Converted alertmend-cloud-incident-response.md → blog/alertmend-cloud-incident-response/index.html
✓ Converted alertmend-devops-call-tools.md → blogs/Alertmend-Devops-Call-Tools.html
✓ Converted alertmend-devops-call-tools.md → blog/alertmend-devops-call-tools/index.html
✓ Converted alertmend-devops-incident-automation.md → blogs/Alertmend-Devops-Incident-Automation.html
✓ Converted alertmend-devops-incident-automation.md → blog/alertmend-devops-incident-automation/index.html
✓ Converted alertmend-devops-incident-response.md → blogs/Alertmend-Devops-Incident-Response.html
✓ Converted alertmend-devops-incident-response.md → blog/alertmend-devops-incident-response/index.html
✓ Converted alertmend-devops-runbook-automation.md → blogs/Alertmend-Devops-Runbook-Automation.html
✓ Converted alertmend-devops-runbook-automation.md → blog/alertmend-devops-runbook-automation/index.html
✓ Converted alertmend-gcp-incident-management.md → blogs/Alertmend-Gcp-Incident-Management.html
✓ Converted alertmend-gcp-incident-management.md → blog/alertmend-gcp-incident-management/index.html
✓ Converted alertmend-incident-automation-tools.md → blogs/Alertmend-Incident-Automation-Tools.html
✓ Converted alertmend-incident-automation-tools.md → blog/alertmend-incident-automation-tools/index.html
✓ Converted alertmend-incident-automation.md → blogs/Alertmend-Incident-Automation.html
✓ Converted alertmend-incident-automation.md → blog/alertmend-incident-automation/index.html
✓ Converted alertmend-incident-management-devops-teams.md → blogs/Alertmend-Incident-Management-Devops-Teams.html
✓ Converted alertmend-incident-management-devops-teams.md → blog/alertmend-incident-management-devops-teams/index.html
✓ Converted alertmend-incident-management-framework.md → blogs/Alertmend-Incident-Management-Framework.html
✓ Converted alertmend-incident-management-framework.md → blog/alertmend-incident-management-framework/index.html
✓ Converted alertmend-incident-management-kubernetes.md → blogs/Alertmend-Incident-Management-Kubernetes.html
✓ Converted alertmend-incident-management-kubernetes.md → blog/alertmend-incident-management-kubernetes/index.html
✓ Converted alertmend-incident-management-saas.md → blogs/Alertmend-Incident-Management-Saas.html
✓ Converted alertmend-incident-management-saas.md → blog/alertmend-incident-management-saas/index.html
✓ Converted alertmend-incident-management-smb.md → blogs/Alertmend-Incident-Management-Smb.html
✓ Converted alertmend-incident-management-smb.md → blog/alertmend-incident-management-smb/index.html
✓ Converted alertmend-incident-management-solution.md → blogs/Alertmend-Incident-Management-Solution.html
✓ Converted alertmend-incident-management-solution.md → blog/alertmend-incident-management-solution/index.html
✓ Converted alertmend-incident-management-sre-teams.md → blogs/Alertmend-Incident-Management-Sre-Teams.html
✓ Converted alertmend-incident-management-sre-teams.md → blog/alertmend-incident-management-sre-teams/index.html
✓ Converted alertmend-incident-management-startups.md → blogs/Alertmend-Incident-Management-Startups.html
✓ Converted alertmend-incident-management-startups.md → blog/alertmend-incident-management-startups/index.html
✓ Converted alertmend-incident-management-system.md → blogs/Alertmend-Incident-Management-System.html
✓ Converted alertmend-incident-management-system.md → blog/alertmend-incident-management-system/index.html
✓ Converted alertmend-incident-orchestration.md → blogs/Alertmend-Incident-Orchestration.html
✓ Converted alertmend-incident-orchestration.md → blog/alertmend-incident-orchestration/index.html
✓ Converted alertmend-incident-resolution-automation.md → blogs/Alertmend-Incident-Resolution-Automation.html
✓ Converted alertmend-incident-resolution-automation.md → blog/alertmend-incident-resolution-automation/index.html
✓ Converted alertmend-incident-resolution-process.md → blogs/Alertmend-Incident-Resolution-Process.html
✓ Converted alertmend-incident-resolution-process.md → blog/alertmend-incident-resolution-process/index.html
✓ Converted alertmend-incident-resolution-software.md → blogs/Alertmend-Incident-Resolution-Software.html
✓ Converted alertmend-incident-resolution-software.md → blog/alertmend-incident-resolution-software/index.html
✓ Converted alertmend-incident-response-automation-tools.md → blogs/Alertmend-Incident-Response-Automation-Tools.html
✓ Converted alertmend-incident-response-automation-tools.md → blog/alertmend-incident-response-automation-tools/index.html
✓ Converted alertmend-incident-response-automation.md → blogs/Alertmend-Incident-Response-Automation.html
✓ Converted alertmend-incident-response-automation.md → blog/alertmend-incident-response-automation/index.html
✓ Converted alertmend-incident-response-management.md → blogs/Alertmend-Incident-Response-Management.html
✓ Converted alertmend-incident-response-management.md → blog/alertmend-incident-response-management/index.html
✓ Converted alertmend-incident-response-orchestration.md → blogs/Alertmend-Incident-Response-Orchestration.html
✓ Converted alertmend-incident-response-orchestration.md → blog/alertmend-incident-response-orchestration/index.html
✓ Converted alertmend-incident-response-system.md → blogs/Alertmend-Incident-Response-System.html
✓ Converted alertmend-incident-response-system.md → blog/alertmend-incident-response-system/index.html
✓ Converted alertmend-incident-response-tool-startups.md → blogs/Alertmend-Incident-Response-Tool-Startups.html
✓ Converted alertmend-incident-response-tool-startups.md → blog/alertmend-incident-response-tool-startups/index.html
✓ Converted alertmend-incident-response-workflow.md → blogs/Alertmend-Incident-Response-Workflow.html
✓ Converted alertmend-incident-response-workflow.md → blog/alertmend-incident-response-workflow/index.html
✓ Converted alertmend-incident.io-pricing-alternative.md → blogs/Alertmend-Incident.io-Pricing-Alternative.html
✓ Converted alertmend-incident.io-pricing-alternative.md → blog/alertmend-incident.io-pricing-alternative/index.html
✓ Converted alertmend-incident.io-vs-rootly.md → blogs/Alertmend-Incident.io-Vs-Rootly.html
✓ Converted alertmend-incident.io-vs-rootly.md → blog/alertmend-incident.io-vs-rootly/index.html
✓ Converted alertmend-kubernetes-alert-fatigue.md → blogs/Alertmend-Kubernetes-Alert-Fatigue.html
✓ Converted alertmend-kubernetes-alert-fatigue.md → blog/alertmend-kubernetes-alert-fatigue/index.html
✓ Converted alertmend-kubernetes-auto-remediation.md → blogs/Alertmend-Kubernetes-Auto-Remediation.html
✓ Converted alertmend-kubernetes-auto-remediation.md → blog/alertmend-kubernetes-auto-remediation/index.html
✓ Converted alertmend-kubernetes-incident-automation.md → blogs/Alertmend-Kubernetes-Incident-Automation.html
✓ Converted alertmend-kubernetes-incident-automation.md → blog/alertmend-kubernetes-incident-automation/index.html
✓ Converted alertmend-kubernetes-incident-response.md → blogs/Alertmend-Kubernetes-Incident-Response.html
✓ Converted alertmend-kubernetes-incident-response.md → blog/alertmend-kubernetes-incident-response/index.html
✓ Converted alertmend-kubernetes-production-incidents.md → blogs/Alertmend-Kubernetes-Production-Incidents.html
✓ Converted alertmend-kubernetes-production-incidents.md → blog/alertmend-kubernetes-production-incidents/index.html
✓ Converted alertmend-kubernetes-runbook-automation.md → blogs/Alertmend-Kubernetes-Runbook-Automation.html
✓ Converted alertmend-kubernetes-runbook-automation.md → blog/alertmend-kubernetes-runbook-automation/index.html
✓ Converted alertmend-kubernetes-self-healing.md → blogs/Alertmend-Kubernetes-Self-Healing.html
✓ Converted alertmend-kubernetes-self-healing.md → blog/alertmend-kubernetes-self-healing/index.html
✓ Converted alertmend-kubernetes.md → blogs/Alertmend-Kubernetes.html
✓ Converted alertmend-kubernetes.md → blog/alertmend-kubernetes/index.html
✓ Converted alertmend-major-incident-management-software.md → blogs/Alertmend-Major-Incident-Management-Software.html
✓ Converted alertmend-major-incident-management-software.md → blog/alertmend-major-incident-management-software/index.html
✓ Converted alertmend-major-incident-management.md → blogs/Alertmend-Major-Incident-Management.html
✓ Converted alertmend-major-incident-management.md → blog/alertmend-major-incident-management/index.html
✓ Converted alertmend-major-incident-process.md → blogs/Alertmend-Major-Incident-Process.html
✓ Converted alertmend-major-incident-process.md → blog/alertmend-major-incident-process/index.html
✓ Converted alertmend-pagerduty-vs-incident.io.md → blogs/Alertmend-Pagerduty-Vs-Incident.io.html
✓ Converted alertmend-pagerduty-vs-incident.io.md → blog/alertmend-pagerduty-vs-incident.io/index.html
✓ Converted alertmend-pagerduty-vs-rootly.md → blogs/Alertmend-Pagerduty-Vs-Rootly.html
✓ Converted alertmend-pagerduty-vs-rootly.md → blog/alertmend-pagerduty-vs-rootly/index.html
✓ Converted alertmend-rootly-pricing-alternative.md → blogs/Alertmend-Rootly-Pricing-Alternative.html
✓ Converted alertmend-rootly-pricing-alternative.md → blog/alertmend-rootly-pricing-alternative/index.html
✓ Converted alertmend-runbook-automation.md → blogs/Alertmend-Runbook-Automation.html
✓ Converted alertmend-runbook-automation.md → blog/alertmend-runbook-automation/index.html
✓ Converted alertmend-runbook-orchestration.md → blogs/Alertmend-Runbook-Orchestration.html
✓ Converted alertmend-runbook-orchestration.md → blog/alertmend-runbook-orchestration/index.html
✓ Converted alertmend-self-healing-infrastructure.md → blogs/Alertmend-Self-Healing-Infrastructure.html
✓ Converted alertmend-self-healing-infrastructure.md → blog/alertmend-self-healing-infrastructure/index.html
✓ Converted alertmend-slack-alert-management.md → blogs/Alertmend-Slack-Alert-Management.html
✓ Converted alertmend-slack-alert-management.md → blog/alertmend-slack-alert-management/index.html
✓ Converted alertmend-slack-incident-automation.md → blogs/Alertmend-Slack-Incident-Automation.html
✓ Converted alertmend-slack-incident-automation.md → blog/alertmend-slack-incident-automation/index.html
✓ Converted alertmend-slack-incident-bot.md → blogs/Alertmend-Slack-Incident-Bot.html
✓ Converted alertmend-slack-incident-bot.md → blog/alertmend-slack-incident-bot/index.html
✓ Converted alertmend-slack-incident-escalation.md → blogs/Alertmend-Slack-Incident-Escalation.html
✓ Converted alertmend-slack-incident-escalation.md → blog/alertmend-slack-incident-escalation/index.html
✓ Converted alertmend-slack-incident-workflow.md → blogs/Alertmend-Slack-Incident-Workflow.html
✓ Converted alertmend-slack-incident-workflow.md → blog/alertmend-slack-incident-workflow/index.html
✓ Converted alertmend-slack-ops-incident-management.md → blogs/Alertmend-Slack-Ops-Incident-Management.html
✓ Converted alertmend-slack-ops-incident-management.md → blog/alertmend-slack-ops-incident-management/index.html
✓ Converted alertmend-sre-automation-tools.md → blogs/Alertmend-Sre-Automation-Tools.html
✓ Converted alertmend-sre-automation-tools.md → blog/alertmend-sre-automation-tools/index.html
✓ Converted alertmend-sre-call-guide.md → blogs/Alertmend-Sre-Call-Guide.html
✓ Converted alertmend-sre-call-guide.md → blog/alertmend-sre-call-guide/index.html
✓ Converted alertmend-sre-incident-automation.md → blogs/Alertmend-Sre-Incident-Automation.html
✓ Converted alertmend-sre-incident-automation.md → blog/alertmend-sre-incident-automation/index.html
✓ Converted alertmend-sre-incident-response.md → blogs/Alertmend-Sre-Incident-Response.html
✓ Converted alertmend-sre-incident-response.md → blog/alertmend-sre-incident-response/index.html
✓ Converted alertmend-sre-runbooks.md → blogs/Alertmend-Sre-Runbooks.html
✓ Converted alertmend-sre-runbooks.md → blog/alertmend-sre-runbooks/index.html
✓ Converted apache-airflow-consultants.md → blogs/Apache-Airflow-Consultants.html
✓ Converted apache-airflow-consultants.md → blog/apache-airflow-consultants/index.html
✓ Converted api-error-tracking-systems.md → blogs/Api-Error-Tracking-Systems.html
✓ Converted api-error-tracking-systems.md → blog/api-error-tracking-systems/index.html
✓ Converted api-health-check-strategies.md → blogs/Api-Health-Check-Strategies.html
✓ Converted api-health-check-strategies.md → blog/api-health-check-strategies/index.html
✓ Converted api-monitoring-alerts-configuration.md → blogs/Api-Monitoring-Alerts-Configuration.html
✓ Converted api-monitoring-alerts-configuration.md → blog/api-monitoring-alerts-configuration/index.html
✓ Converted api-monitoring-for-cloud-infrastructure.md → blogs/Api-Monitoring-for-Cloud-Infrastructure.html
✓ Converted api-monitoring-for-cloud-infrastructure.md → blog/api-monitoring-for-cloud-infrastructure/index.html
✓ Converted api-performance-monitoring-tools.md → blogs/Api-Performance-Monitoring-Tools.html
✓ Converted api-performance-monitoring-tools.md → blog/api-performance-monitoring-tools/index.html
✓ Converted api-response-time-monitoring-techniques.md → blogs/Api-Response-Time-Monitoring-Techniques.html
✓ Converted api-response-time-monitoring-techniques.md → blog/api-response-time-monitoring-techniques/index.html
✓ Converted appikon-back-in-stock.md → blogs/Appikon-Back-in-Stock.html
✓ Converted appikon-back-in-stock.md → blog/appikon-back-in-stock/index.html
✓ Converted argocd-drift-detection.md → blogs/Argocd-Drift-Detection.html
✓ Converted argocd-drift-detection.md → blog/argocd-drift-detection/index.html
✓ Converted argocd-vs-jenkins.md → blogs/Argocd-Vs-Jenkins.html
✓ Converted argocd-vs-jenkins.md → blog/argocd-vs-jenkins/index.html
✓ Converted argocd-vs-spinnaker.md → blogs/Argocd-Vs-Spinnaker.html
✓ Converted argocd-vs-spinnaker.md → blog/argocd-vs-spinnaker/index.html
✓ Converted auto-remediation-pipelines-for-managed-kubernetes-clusters.md → blogs/Auto-Remediation-Pipelines-for-Managed-Kubernetes-Clusters.html
✓ Converted auto-remediation-pipelines-for-managed-kubernetes-clusters.md → blog/auto-remediation-pipelines-for-managed-kubernetes-clusters/index.html
✓ Converted automate-pod-rightsizing-solutions.md → blogs/Automate-Pod-Rightsizing-Solutions.html
✓ Converted automate-pod-rightsizing-solutions.md → blog/automate-pod-rightsizing-solutions/index.html
✓ Converted automated-api-monitoring-workflows.md → blogs/Automated-Api-Monitoring-Workflows.html
✓ Converted automated-api-monitoring-workflows.md → blog/automated-api-monitoring-workflows/index.html
✓ Converted automated-domain-renewal-alerts.md → blogs/Automated-Domain-Renewal-Alerts.html
✓ Converted automated-domain-renewal-alerts.md → blog/automated-domain-renewal-alerts/index.html
✓ Converted automated-incident-remediation-tools.md → blogs/Automated-Incident-Remediation-Tools.html
✓ Converted automated-incident-remediation-tools.md → blog/automated-incident-remediation-tools/index.html
✓ Converted automated-kubernetes-cost-optimization.md → blogs/Automated-Kubernetes-Cost-Optimization.html
✓ Converted automated-kubernetes-cost-optimization.md → blog/automated-kubernetes-cost-optimization/index.html
✓ Converted automated-kubernetes-error-resolution.md → blogs/Automated-Kubernetes-Error-Resolution.html
✓ Converted automated-kubernetes-error-resolution.md → blog/automated-kubernetes-error-resolution/index.html
✓ Converted automated-kubernetes-monitoring.md → blogs/Automated-Kubernetes-Monitoring.html
✓ Converted automated-kubernetes-monitoring.md → blog/automated-kubernetes-monitoring/index.html
✓ Converted automated-kubernetes-resource-tuning-tools.md → blogs/Automated-Kubernetes-Resource-Tuning-Tools.html
✓ Converted automated-kubernetes-resource-tuning-tools.md → blog/automated-kubernetes-resource-tuning-tools/index.html
✓ Converted automated-url-status-checks.md → blogs/Automated-Url-Status-Checks.html
✓ Converted automated-url-status-checks.md → blog/automated-url-status-checks/index.html
✓ Converted automating-certificate-renewal-in-kubernetes.md → blogs/Automating-Certificate-Renewal-in-Kubernetes.html
✓ Converted automating-certificate-renewal-in-kubernetes.md → blog/automating-certificate-renewal-in-kubernetes/index.html
✓ Converted automating-kubernetes-migration-processes-in-2025.md → blogs/Automating-Kubernetes-Migration-Processes-in-2025.html
✓ Converted automating-kubernetes-migration-processes-in-2025.md → blog/automating-kubernetes-migration-processes-in-2025/index.html
✓ Converted automating-kubernetes-with-ai.md → blogs/Automating-Kubernetes-with-Ai.html
✓ Converted automating-kubernetes-with-ai.md → blog/automating-kubernetes-with-ai/index.html
✓ Converted autoscaling-v2-horizontalpodautoscaler.md → blogs/Autoscaling-V2-Horizontalpodautoscaler.html
✓ Converted autoscaling-v2-horizontalpodautoscaler.md → blog/autoscaling-v2-horizontalpodautoscaler/index.html
✓ Converted avoiding-kubernetes-dns-vulnerabilities-best-practices-for-internal-network-security.md → blogs/Avoiding-Kubernetes-Dns-Vulnerabilities-Best-Practices-for-Internal-Network-Security.html
✓ Converted avoiding-kubernetes-dns-vulnerabilities-best-practices-for-internal-network-security.md → blog/avoiding-kubernetes-dns-vulnerabilities-best-practices-for-internal-network-security/index.html
✓ Converted behavior-monitoring-for-ai-agents-low-performance-impact-1.md → blogs/Behavior-Monitoring-for-Ai-Agents-Low-Performance-Impact-1.html
✓ Converted behavior-monitoring-for-ai-agents-low-performance-impact-1.md → blog/behavior-monitoring-for-ai-agents-low-performance-impact-1/index.html
✓ Converted behavior-monitoring-for-ai-agents-low-performance-impact-2.md → blogs/Behavior-Monitoring-for-Ai-Agents-Low-Performance-Impact-2.html
✓ Converted behavior-monitoring-for-ai-agents-low-performance-impact-2.md → blog/behavior-monitoring-for-ai-agents-low-performance-impact-2/index.html
✓ Converted best-cost-management-platform-for-kubernetes.md → blogs/Best-Cost-Management-Platform-for-Kubernetes.html
✓ Converted best-cost-management-platform-for-kubernetes.md → blog/best-cost-management-platform-for-kubernetes/index.html
✓ Converted best-kubernetes-networking-solutions-for-secure-data-management-2025.md → blogs/Best-Kubernetes-Networking-Solutions-for-Secure-Data-Management-2025.html
✓ Converted best-kubernetes-networking-solutions-for-secure-data-management-2025.md → blog/best-kubernetes-networking-solutions-for-secure-data-management-2025/index.html
✓ Converted best-kubernetes-resource-optimization-platforms.md → blogs/Best-Kubernetes-Resource-Optimization-Platforms.html
✓ Converted best-kubernetes-resource-optimization-platforms.md → blog/best-kubernetes-resource-optimization-platforms/index.html
✓ Converted best-kubernetes-resource-optimization-tools.md → blogs/Best-Kubernetes-Resource-Optimization-Tools.html
✓ Converted best-kubernetes-resource-optimization-tools.md → blog/best-kubernetes-resource-optimization-tools/index.html
✓ Converted best-platform-for-monitoring-kubernetes-expenses.md → blogs/Best-Platform-for-Monitoring-Kubernetes-Expenses.html
✓ Converted best-platform-for-monitoring-kubernetes-expenses.md → blog/best-platform-for-monitoring-kubernetes-expenses/index.html
✓ Converted best-pod-rightsizing-tools.md → blogs/Best-Pod-Rightsizing-Tools.html
✓ Converted best-pod-rightsizing-tools.md → blog/best-pod-rightsizing-tools/index.html
✓ Converted best-practices-for-api-monitoring.md → blogs/Best-Practices-for-Api-Monitoring.html
✓ Converted best-practices-for-api-monitoring.md → blog/best-practices-for-api-monitoring/index.html
✓ Converted best-practices-for-certificate-manager-kubernetes.md → blogs/Best-Practices-for-Certificate-Manager-Kubernetes.html
✓ Converted best-practices-for-certificate-manager-kubernetes.md → blog/best-practices-for-certificate-manager-kubernetes/index.html
✓ Converted best-practices-for-disclosing-open-source-components-to-customers.md → blogs/Best-Practices-for-Disclosing-Open-Source-Components-to-Customers.html
✓ Converted best-practices-for-disclosing-open-source-components-to-customers.md → blog/best-practices-for-disclosing-open-source-components-to-customers/index.html
✓ Converted best-practices-for-kubernetes-service-clustering.md → blogs/Best-Practices-for-Kubernetes-Service-Clustering.html
✓ Converted best-practices-for-kubernetes-service-clustering.md → blog/best-practices-for-kubernetes-service-clustering/index.html
✓ Converted best-practices-for-url-monitoring-with-nagios-in-hybrid-clouds.md → blogs/Best-Practices-for-Url-Monitoring-with-Nagios-in-Hybrid-Clouds.html
✓ Converted best-practices-for-url-monitoring-with-nagios-in-hybrid-clouds.md → blog/best-practices-for-url-monitoring-with-nagios-in-hybrid-clouds/index.html
✓ Converted best-practices-for-utilizing-savvy-in-runbook-management.md → blogs/Best-Practices-for-Utilizing-Savvy-in-Runbook-Management.html
✓ Converted best-practices-for-utilizing-savvy-in-runbook-management.md → blog/best-practices-for-utilizing-savvy-in-runbook-management/index.html
✓ Converted best-rated-kubernetes-cost-management.md → blogs/Best-Rated-Kubernetes-Cost-Management.html
✓ Converted best-rated-kubernetes-cost-management.md → blog/best-rated-kubernetes-cost-management/index.html
✓ Converted best-software-for-managing-kubernetes-costs.md → blogs/Best-Software-for-Managing-Kubernetes-Costs.html
✓ Converted best-software-for-managing-kubernetes-costs.md → blog/best-software-for-managing-kubernetes-costs/index.html
✓ Converted best-web-hosts-2014.md → blogs/Best-Web-Hosts-2014.html
✓ Converted best-web-hosts-2014.md → blog/best-web-hosts-2014/index.html
✓ Converted best-website-maintenance-services-to-improve-your-website.md → blogs/Best-Website-Maintenance-Services-to-Improve-Your-Website.html
✓ Converted best-website-maintenance-services-to-improve-your-website.md → blog/best-website-maintenance-services-to-improve-your-website/index.html
✓ Converted better-stack-alternatives.md → blogs/Better-Stack-Alternatives.html
✓ Converted better-stack-alternatives.md → blog/better-stack-alternatives/index.html
✓ Converted big-data-on-kubernetes-pdf-download.md → blogs/Big-Data-on-Kubernetes-Pdf-Download.html
✓ Converted big-data-on-kubernetes-pdf-download.md → blog/big-data-on-kubernetes-pdf-download/index.html
✓ Converted big-data-on-kubernetes-pdf-free-download.md → blogs/Big-Data-on-Kubernetes-Pdf-Free-Download.html
✓ Converted big-data-on-kubernetes-pdf-free-download.md → blog/big-data-on-kubernetes-pdf-free-download/index.html
✓ Converted big-data-on-kubernetes-pdf.md → blogs/Big-Data-on-Kubernetes-Pdf.html
✓ Converted big-data-on-kubernetes-pdf.md → blog/big-data-on-kubernetes-pdf/index.html
✓ Converted bright-server.md → blogs/Bright-Server.html
✓ Converted bright-server.md → blog/bright-server/index.html
✓ Converted building-incident-response-runbooks-with-ai-integration.md → blogs/Building-Incident-Response-Runbooks-with-Ai-Integration.html
✓ Converted building-incident-response-runbooks-with-ai-integration.md → blog/building-incident-response-runbooks-with-ai-integration/index.html
✓ Converted building-scalable-incident-response-systems-for-enterprises.md → blogs/Building-Scalable-Incident-Response-Systems-for-Enterprises.html
✓ Converted building-scalable-incident-response-systems-for-enterprises.md → blog/building-scalable-incident-response-systems-for-enterprises/index.html
✓ Converted certificate-manager-kubernetes-setup-guide.md → blogs/Certificate-Manager-Kubernetes-Setup-Guide.html
✓ Converted certificate-manager-kubernetes-setup-guide.md → blog/certificate-manager-kubernetes-setup-guide/index.html
✓ Converted certificate-manager-kubernetes-tutorial.md → blogs/Certificate-Manager-Kubernetes-Tutorial.html
✓ Converted certificate-manager-kubernetes-tutorial.md → blog/certificate-manager-kubernetes-tutorial/index.html
✓ Converted child-process-exited-with-code-1.md → blogs/Child-Process-Exited-with-Code-1.html
✓ Converted child-process-exited-with-code-1.md → blog/child-process-exited-with-code-1/index.html
✓ Converted claude-vs-llama.md → blogs/Claude-Vs-Llama.html
✓ Converted claude-vs-llama.md → blog/claude-vs-llama/index.html
✓ Converted cloud-based-url-monitoring-solutions.md → blogs/Cloud-Based-Url-Monitoring-Solutions.html
✓ Converted cloud-based-url-monitoring-solutions.md → blog/cloud-based-url-monitoring-solutions/index.html
✓ Converted cloud-incident-resolution-best-practices.md → blogs/Cloud-Incident-Resolution-Best-Practices.html
✓ Converted cloud-incident-resolution-best-practices.md → blog/cloud-incident-resolution-best-practices/index.html
✓ Converted cloud-infrastructure-automated-remediation.md → blogs/Cloud-Infrastructure-Automated-Remediation.html
✓ Converted cloud-infrastructure-automated-remediation.md → blog/cloud-infrastructure-automated-remediation/index.html
✓ Converted cloud-infrastructure-issue-resolution.md → blogs/Cloud-Infrastructure-Issue-Resolution.html
✓ Converted cloud-infrastructure-issue-resolution.md → blog/cloud-infrastructure-issue-resolution/index.html
✓ Converted cloud-infrastructure-kubernetes-v1350.md → blogs/Cloud-Infrastructure-Kubernetes-V1350.html
✓ Converted cloud-infrastructure-kubernetes-v1350.md → blog/cloud-infrastructure-kubernetes-v1350/index.html
✓ Converted cloud-infrastructure-monitoring-with-aiops.md → blogs/Cloud-Infrastructure-Monitoring-with-Aiops.html
✓ Converted cloud-infrastructure-monitoring-with-aiops.md → blog/cloud-infrastructure-monitoring-with-aiops/index.html
✓ Converted cloud-native-kubernetes-ai-solutions.md → blogs/Cloud-Native-Kubernetes-Ai-Solutions.html
✓ Converted cloud-native-kubernetes-ai-solutions.md → blog/cloud-native-kubernetes-ai-solutions/index.html
✓ Converted cloud-service-disruption-analysis.md → blogs/Cloud-Service-Disruption-Analysis.html
✓ Converted cloud-service-disruption-analysis.md → blog/cloud-service-disruption-analysis/index.html
✓ Converted co-to-monitor.md → blogs/Co-to-Monitor.html
✓ Converted co-to-monitor.md → blog/co-to-monitor/index.html
✓ Converted code-exited-status-1-failure.md → blogs/Code-Exited-Status-1-Failure.html
✓ Converted code-exited-status-1-failure.md → blog/code-exited-status-1-failure/index.html
✓ Converted codoor.md → blogs/Codoor.html
✓ Converted codoor.md → blog/codoor/index.html
✓ Converted common-kubernetes-issues-troubleshooting.md → blogs/Common-Kubernetes-Issues-Troubleshooting.html
✓ Converted common-kubernetes-issues-troubleshooting.md → blog/common-kubernetes-issues-troubleshooting/index.html
✓ Converted condor-career.md → blogs/Condor-Career.html
✓ Converted condor-career.md → blog/condor-career/index.html
✓ Converted configmap-change-auto-reflect-solutions-in-kubernetes.md → blogs/Configmap-Change-Auto-Reflect-Solutions-in-Kubernetes.html
✓ Converted configmap-change-auto-reflect-solutions-in-kubernetes.md → blog/configmap-change-auto-reflect-solutions-in-kubernetes/index.html
✓ Converted container-clusters-list.md → blogs/Container-Clusters-List.html
✓ Converted container-clusters-list.md → blog/container-clusters-list/index.html
✓ Converted continuous-performance-test-online-free.md → blogs/Continuous-Performance-Test-Online-Free.html
✓ Converted continuous-performance-test-online-free.md → blog/continuous-performance-test-online-free/index.html
✓ Converted cost-effective-strategies-for-cloud-infrastructure-monitoring.md → blogs/Cost-Effective-Strategies-for-Cloud-Infrastructure-Monitoring.html
✓ Converted cost-effective-strategies-for-cloud-infrastructure-monitoring.md → blog/cost-effective-strategies-for-cloud-infrastructure-monitoring/index.html
✓ Converted cost-effective-strategies-for-scaling-kubernetes-infrastructure.md → blogs/Cost-Effective-Strategies-for-Scaling-Kubernetes-Infrastructure.html
✓ Converted cost-effective-strategies-for-scaling-kubernetes-infrastructure.md → blog/cost-effective-strategies-for-scaling-kubernetes-infrastructure/index.html
✓ Converted cost-optimization-multi-cloud.md → blogs/Cost-Optimization-Multi-Cloud.html
✓ Converted cost-optimization-multi-cloud.md → blog/cost-optimization-multi-cloud/index.html
✓ Converted cost-reduction-methodologies-in-aiops.md → blogs/Cost-Reduction-Methodologies-in-Aiops.html
✓ Converted cost-reduction-methodologies-in-aiops.md → blog/cost-reduction-methodologies-in-aiops/index.html
✓ Converted crashloopbackoff-kubernetes.md → blogs/Crashloopbackoff-Kubernetes.html
✓ Converted crashloopbackoff-kubernetes.md → blog/crashloopbackoff-kubernetes/index.html
✓ Converted creating-effective-runbook-templates-for-devops-teams.md → blogs/Creating-Effective-Runbook-Templates-for-Devops-Teams.html
✓ Converted creating-effective-runbook-templates-for-devops-teams.md → blog/creating-effective-runbook-templates-for-devops-teams/index.html
✓ Converted creating-efficient-kubernetes-alerts-with-event-api.md → blogs/Creating-Efficient-Kubernetes-Alerts-with-Event-Api.html
✓ Converted creating-efficient-kubernetes-alerts-with-event-api.md → blog/creating-efficient-kubernetes-alerts-with-event-api/index.html
✓ Converted cron-job-every-6-hours.md → blogs/Cron-Job-Every-6-Hours.html
✓ Converted cron-job-every-6-hours.md → blog/cron-job-every-6-hours/index.html
✓ Converted cron-log-file-ubuntu.md → blogs/Cron-Log-File-Ubuntu.html
✓ Converted cron-log-file-ubuntu.md → blog/cron-log-file-ubuntu/index.html
✓ Converted crontab-last-day-of-month.md → blogs/Crontab-Last-Day-of-Month.html
✓ Converted crontab-last-day-of-month.md → blog/crontab-last-day-of-month/index.html
✓ Converted crontab-logs-in-ubuntu.md → blogs/Crontab-Logs-in-Ubuntu.html
✓ Converted crontab-logs-in-ubuntu.md → blog/crontab-logs-in-ubuntu/index.html
✓ Converted cross-industry-analysis-of-url-traffic-trends-with-urltrends.md → blogs/Cross-Industry-Analysis-of-Url-Traffic-Trends-with-Urltrends.html
✓ Converted cross-industry-analysis-of-url-traffic-trends-with-urltrends.md → blog/cross-industry-analysis-of-url-traffic-trends-with-urltrends/index.html
✓ Converted custom-monitors.md → blogs/Custom-Monitors.html
✓ Converted custom-monitors.md → blog/custom-monitors/index.html
✓ Converted dashboard-pod.md → blogs/Dashboard-Pod.html
✓ Converted dashboard-pod.md → blog/dashboard-pod/index.html
✓ Converted debugging-kubernetes-admission-webhooks.md → blogs/Debugging-Kubernetes-Admission-Webhooks.html
✓ Converted debugging-kubernetes-admission-webhooks.md → blog/debugging-kubernetes-admission-webhooks/index.html
✓ Converted debugging-kubernetes-hpa-not-scaling.md → blogs/Debugging-Kubernetes-HPA-Not-Scaling.html
✓ Converted debugging-kubernetes-hpa-not-scaling.md → blog/debugging-kubernetes-hpa-not-scaling/index.html
✓ Converted debugging-kubernetes-jobs-and-cronjobs-failures.md → blogs/Debugging-Kubernetes-Jobs-and-CronJobs-Failures.html
✓ Converted debugging-kubernetes-jobs-and-cronjobs-failures.md → blog/debugging-kubernetes-jobs-and-cronjobs-failures/index.html
✓ Converted debugging-kubernetes-oomkilled-exit-code-137-causes-and-solutions.md → blogs/Debugging-Kubernetes-OOMKilled-(Exit-Code-137)-Causes-and-Solutions.html
✓ Converted debugging-kubernetes-oomkilled-exit-code-137-causes-and-solutions.md → blog/debugging-kubernetes-oomkilled-exit-code-137-causes-and-solutions/index.html
✓ Converted deepseek-r1-claude-3-5-sonnet-20241022.md → blogs/Deepseek-R1-Claude-3-5-Sonnet-20241022.html
✓ Converted deepseek-r1-claude-3-5-sonnet-20241022.md → blog/deepseek-r1-claude-3-5-sonnet-20241022/index.html
✓ Converted demolition-robot.md → blogs/Demolition-Robot.html
✓ Converted demolition-robot.md → blog/demolition-robot/index.html
✓ Converted deny-access-to-this-computer-from-the-network.md → blogs/Deny-Access-to-This-Computer-from-the-Network.html
✓ Converted deny-access-to-this-computer-from-the-network.md → blog/deny-access-to-this-computer-from-the-network/index.html
✓ Converted deployhq-alternative.md → blogs/Deployhq-Alternative.html
✓ Converted deployhq-alternative.md → blog/deployhq-alternative/index.html
✓ Converted desktop-notification-software-free.md → blogs/Desktop-Notification-Software-Free.html
✓ Converted desktop-notification-software-free.md → blog/desktop-notification-software-free/index.html
✓ Converted devops-api-monitoring-integration.md → blogs/Devops-Api-Monitoring-Integration.html
✓ Converted devops-api-monitoring-integration.md → blog/devops-api-monitoring-integration/index.html
✓ Converted devops-automation-using-aiops-tools.md → blogs/Devops-Automation-Using-Aiops-Tools.html
✓ Converted devops-automation-using-aiops-tools.md → blog/devops-automation-using-aiops-tools/index.html
✓ Converted devops-incident-management-strategies.md → blogs/Devops-Incident-Management-Strategies.html
✓ Converted devops-incident-management-strategies.md → blog/devops-incident-management-strategies/index.html
✓ Converted devops-kubernetes-issue-management.md → blogs/Devops-Kubernetes-Issue-Management.html
✓ Converted devops-kubernetes-issue-management.md → blog/devops-kubernetes-issue-management/index.html
✓ Converted devops-url-monitoring-practices.md → blogs/Devops-Url-Monitoring-Practices.html
✓ Converted devops-url-monitoring-practices.md → blog/devops-url-monitoring-practices/index.html
✓ Converted devops-with-kubernetes-v1350.md → blogs/Devops-with-Kubernetes-V1350.html
✓ Converted devops-with-kubernetes-v1350.md → blog/devops-with-kubernetes-v1350/index.html
✓ Converted discord-bot-host-free-24-7.md → blogs/Discord-Bot-Host-Free-24-7.html
✓ Converted discord-bot-host-free-24-7.md → blog/discord-bot-host-free-24-7/index.html
✓ Converted discord-ping-png.md → blogs/Discord-Ping-Png.html
✓ Converted discord-ping-png.md → blog/discord-ping-png/index.html
✓ Converted dns-over-quic-understanding-the-benefits-and-vulnerabilities-in-coredns-2025.md → blogs/Dns-Over-Quic-Understanding-the-Benefits-and-Vulnerabilities-in-Coredns-2025.html
✓ Converted dns-over-quic-understanding-the-benefits-and-vulnerabilities-in-coredns-2025.md → blog/dns-over-quic-understanding-the-benefits-and-vulnerabilities-in-coredns-2025/index.html
✓ Converted dns-resolution-failures-in-kubernetes.md → blogs/DNS-Resolution-Failures-in-Kubernetes.html
✓ Converted dns-resolution-failures-in-kubernetes.md → blog/dns-resolution-failures-in-kubernetes/index.html
✓ Converted dnspolicy-clusterfirstwithhostnet.md → blogs/Dnspolicy-Clusterfirstwithhostnet.html
✓ Converted dnspolicy-clusterfirstwithhostnet.md → blog/dnspolicy-clusterfirstwithhostnet/index.html
✓ Converted docker-container-monitoring-best-practices.md → blogs/Docker-Container-Monitoring-Best-Practices.html
✓ Converted docker-container-monitoring-best-practices.md → blog/docker-container-monitoring-best-practices/index.html
✓ Converted does-telegram-tell-when-you-screenshot.md → blogs/Does-Telegram-Tell-When-You-Screenshot.html
✓ Converted does-telegram-tell-when-you-screenshot.md → blog/does-telegram-tell-when-you-screenshot/index.html
✓ Converted domain-name-watch.md → blogs/Domain-Name-Watch.html
✓ Converted domain-name-watch.md → blog/domain-name-watch/index.html
✓ Converted domain-robot-1.md → blogs/Domain-Robot-1.html
✓ Converted domain-robot-1.md → blog/domain-robot-1/index.html
✓ Converted domain-robot.md → blogs/Domain-Robot.html
✓ Converted domain-robot.md → blog/domain-robot/index.html
✓ Converted dynamic-resource-allocation-in-kubernetes-tips-for-optimizing-cloud-costs.md → blogs/Dynamic-Resource-Allocation-in-Kubernetes-Tips-for-Optimizing-Cloud-Costs.html
✓ Converted dynamic-resource-allocation-in-kubernetes-tips-for-optimizing-cloud-costs.md → blog/dynamic-resource-allocation-in-kubernetes-tips-for-optimizing-cloud-costs/index.html
✓ Converted edge-computing-systems-with-kubernetes-pdf.md → blogs/Edge-Computing-Systems-with-Kubernetes-Pdf.html
✓ Converted edge-computing-systems-with-kubernetes-pdf.md → blog/edge-computing-systems-with-kubernetes-pdf/index.html
✓ Converted edge-computing-systems-with-kubernetes-read-online.md → blogs/Edge-Computing-Systems-with-Kubernetes-Read-Online.html
✓ Converted edge-computing-systems-with-kubernetes-read-online.md → blog/edge-computing-systems-with-kubernetes-read-online/index.html
✓ Converted effective-incident-response-plan.md → blogs/Effective-Incident-Response-Plan.html
✓ Converted effective-incident-response-plan.md → blog/effective-incident-response-plan/index.html
✓ Converted effective-monitoring-of-kubernetes-event-logs.md → blogs/Effective-Monitoring-of-Kubernetes-Event-Logs.html
✓ Converted effective-monitoring-of-kubernetes-event-logs.md → blog/effective-monitoring-of-kubernetes-event-logs/index.html
✓ Converted eks-1.26-to-1.27.md → blogs/Eks-1.26-to-1.27.html
✓ Converted eks-1.26-to-1.27.md → blog/eks-1.26-to-1.27/index.html
✓ Converted eks-cloud-controller-manager.md → blogs/Eks-Cloud-Controller-Manager.html
✓ Converted eks-cloud-controller-manager.md → blog/eks-cloud-controller-manager/index.html
✓ Converted eks-costs.md → blogs/Eks-Costs.html
✓ Converted eks-costs.md → blog/eks-costs/index.html
✓ Converted elasticsearch-caching-issues.md → blogs/Elasticsearch-Caching-Issues.html
✓ Converted elasticsearch-caching-issues.md → blog/elasticsearch-caching-issues/index.html
✓ Converted elasticsearch-cluster-health-showing-red.md → blogs/Elasticsearch-Cluster-Health-Showing-Red.html
✓ Converted elasticsearch-cluster-health-showing-red.md → blog/elasticsearch-cluster-health-showing-red/index.html
✓ Converted elasticsearch-cluster-yellow-incident-kubernetes.md → blogs/Elasticsearch-Cluster-Yellow-Incident-Kubernetes.html
✓ Converted elasticsearch-cluster-yellow-incident-kubernetes.md → blog/elasticsearch-cluster-yellow-incident-kubernetes/index.html
✓ Converted elasticsearch-cluster-yellow-incident-on-kubernetes.md → blogs/Elasticsearch-Cluster-Yellow-Incident-on-Kubernetes.html
✓ Converted elasticsearch-cluster-yellow-incident-on-kubernetes.md → blog/elasticsearch-cluster-yellow-incident-on-kubernetes/index.html
✓ Converted elasticsearch-disk-out-of-space-incident.md → blogs/Elasticsearch-Disk-Out-of-Space-Incident.html
✓ Converted elasticsearch-disk-out-of-space-incident.md → blog/elasticsearch-disk-out-of-space-incident/index.html
✓ Converted elasticsearch-for-slow-index-flushing-issues.md → blogs/Elasticsearch-for-Slow-Index-Flushing-Issues.html
✓ Converted elasticsearch-for-slow-index-flushing-issues.md → blog/elasticsearch-for-slow-index-flushing-issues/index.html
✓ Converted elasticsearch-shard-allocation-failures.md → blogs/Elasticsearch-Shard-Allocation-Failures.html
✓ Converted elasticsearch-shard-allocation-failures.md → blog/elasticsearch-shard-allocation-failures/index.html
✓ Converted elasticsearch-shard-relocation-incidents-on-kubernetes.md → blogs/Elasticsearch-Shard-Relocation-Incidents-on-Kubernetes.html
✓ Converted elasticsearch-shard-relocation-incidents-on-kubernetes.md → blog/elasticsearch-shard-relocation-incidents-on-kubernetes/index.html
✓ Converted elasticsearch-version-mismatch-in-cluster-nodes.md → blogs/Elasticsearch-Version-Mismatch-in-Cluster-Nodes.html
✓ Converted elasticsearch-version-mismatch-in-cluster-nodes.md → blog/elasticsearch-version-mismatch-in-cluster-nodes/index.html
✓ Converted elasticsearch-virtual-memory-limit-issues-for-optimal-performance.md → blogs/Elasticsearch-Virtual-Memory-Limit-Issues-for-Optimal-Performance.html
✓ Converted elasticsearch-virtual-memory-limit-issues-for-optimal-performance.md → blog/elasticsearch-virtual-memory-limit-issues-for-optimal-performance/index.html
✓ Converted elektro-dns.md → blogs/Elektro-Dns.html
✓ Converted elektro-dns.md → blog/elektro-dns/index.html
✓ Converted enhancing-coredns-security-with-the-latest-2025-dns-threat-mitigation-techniques.md → blogs/Enhancing-Coredns-Security-with-the-Latest-2025-Dns-Threat-Mitigation-Techniques.html
✓ Converted enhancing-coredns-security-with-the-latest-2025-dns-threat-mitigation-techniques.md → blog/enhancing-coredns-security-with-the-latest-2025-dns-threat-mitigation-techniques/index.html
✓ Converted enhancing-incident-response-with-redis-cache-outage-playbooks.md → blogs/Enhancing-Incident-Response-with-Redis-Cache-Outage-Playbooks.html
✓ Converted enhancing-incident-response-with-redis-cache-outage-playbooks.md → blog/enhancing-incident-response-with-redis-cache-outage-playbooks/index.html
✓ Converted enhancing-security-in-kubernetes-clusters-using-latest-2025-practices.md → blogs/Enhancing-Security-in-Kubernetes-Clusters-Using-Latest-2025-Practices.html
✓ Converted enhancing-security-in-kubernetes-clusters-using-latest-2025-practices.md → blog/enhancing-security-in-kubernetes-clusters-using-latest-2025-practices/index.html
✓ Converted enterprise-system-down.md → blogs/Enterprise-System-Down.html
✓ Converted enterprise-system-down.md → blog/enterprise-system-down/index.html
✓ Converted equipment-uptime-definition.md → blogs/Equipment-Uptime-Definition.html
✓ Converted equipment-uptime-definition.md → blog/equipment-uptime-definition/index.html
✓ Converted errimageneverpull.md → blogs/Errimageneverpull.html
✓ Converted errimageneverpull.md → blog/errimageneverpull/index.html
✓ Converted errimagepull.md → blogs/Errimagepull.html
✓ Converted errimagepull.md → blog/errimagepull/index.html
✓ Converted error-command-failed-with-exit-code-137.md → blogs/Error-Command-Failed-with-Exit-Code-137.html
✓ Converted error-command-failed-with-exit-code-137.md → blog/error-command-failed-with-exit-code-137/index.html
✓ Converted error-failed-to-push-some-refs-to.md → blogs/Error-Failed-to-Push-Some-Refs-to.html
✓ Converted error-failed-to-push-some-refs-to.md → blog/error-failed-to-push-some-refs-to/index.html
✓ Converted error-kv-get-failed-503-service-temporarily-unavailable.md → blogs/Error-Kv-Get-Failed-503-Service-Temporarily-Unavailable.html
✓ Converted error-kv-get-failed-503-service-temporarily-unavailable.md → blog/error-kv-get-failed-503-service-temporarily-unavailable/index.html
✓ Converted error-remote-origin-already-exists-1.md → blogs/Error-Remote-Origin-Already-Exists-1.html
✓ Converted error-remote-origin-already-exists-1.md → blog/error-remote-origin-already-exists-1/index.html
✓ Converted error-remote-origin-already-exists.md → blogs/Error-Remote-Origin-Already-Exists.html
✓ Converted error-remote-origin-already-exists.md → blog/error-remote-origin-already-exists/index.html
✓ Converted error-runtime-exited-with-error-signal-killed-runtime.exiterror.md → blogs/Error-Runtime-Exited-with-Error-Signal-Killed-Runtime.exiterror.html
✓ Converted error-runtime-exited-with-error-signal-killed-runtime.exiterror.md → blog/error-runtime-exited-with-error-signal-killed-runtime.exiterror/index.html
✓ Converted evaluate-the-cloud-infrastructure-company-scaleops-on-pod-rightsizing.md → blogs/Evaluate-the-Cloud-Infrastructure-Company-Scaleops-on-Pod-Rightsizing.html
✓ Converted evaluate-the-cloud-infrastructure-company-scaleops-on-pod-rightsizing.md → blog/evaluate-the-cloud-infrastructure-company-scaleops-on-pod-rightsizing/index.html
✓ Converted exit-code-1-kubernetes.md → blogs/Exit-Code-1-Kubernetes.html
✓ Converted exit-code-1-kubernetes.md → blog/exit-code-1-kubernetes/index.html
✓ Converted exit-code-1.md → blogs/Exit-Code-1.html
✓ Converted exit-code-1.md → blog/exit-code-1/index.html
✓ Converted exit-code-126.md → blogs/Exit-Code-126.html
✓ Converted exit-code-126.md → blog/exit-code-126/index.html
✓ Converted exit-code-127.md → blogs/Exit-Code-127.html
✓ Converted exit-code-127.md → blog/exit-code-127/index.html
✓ Converted exit-code-5.md → blogs/Exit-Code-5.html
✓ Converted exit-code-5.md → blog/exit-code-5/index.html
✓ Converted exit-status-127.md → blogs/Exit-Status-127.html
✓ Converted exit-status-127.md → blog/exit-status-127/index.html
✓ Converted exited-code-1-1.md → blogs/Exited-Code-1-1.html
✓ Converted exited-code-1-1.md → blog/exited-code-1-1/index.html
✓ Converted exited-code-1.md → blogs/Exited-Code-1.html
✓ Converted exited-code-1.md → blog/exited-code-1/index.html
✓ Converted exploring-the-latest-aiops-trends-for-2025-a-comprehensive-guide.md → blogs/Exploring-the-Latest-Aiops-Trends-for-2025-a-Comprehensive-Guide.html
✓ Converted exploring-the-latest-aiops-trends-for-2025-a-comprehensive-guide.md → blog/exploring-the-latest-aiops-trends-for-2025-a-comprehensive-guide/index.html
✓ Converted external-dns-helm-chart.md → blogs/External-Dns-Helm-Chart.html
✓ Converted external-dns-helm-chart.md → blog/external-dns-helm-chart/index.html
✓ Converted fatal-cannot-do-a-partial-commit-during-a-merge-1.md → blogs/Fatal-Cannot-Do-a-Partial-Commit-During-a-Merge-1.html
✓ Converted fatal-cannot-do-a-partial-commit-during-a-merge-1.md → blog/fatal-cannot-do-a-partial-commit-during-a-merge-1/index.html
✓ Converted fatal-cannot-do-a-partial-commit-during-a-merge.md → blogs/Fatal-Cannot-Do-a-Partial-Commit-During-a-Merge.html
✓ Converted fatal-cannot-do-a-partial-commit-during-a-merge.md → blog/fatal-cannot-do-a-partial-commit-during-a-merge/index.html
✓ Converted fatal-could-not-read-from-remote-repository-windows.md → blogs/Fatal-Could-Not-Read-from-Remote-Repository-Windows.html
✓ Converted fatal-could-not-read-from-remote-repository-windows.md → blog/fatal-could-not-read-from-remote-repository-windows/index.html
✓ Converted fatal-not-a-git-repository.md → blogs/Fatal-Not-a-Git-Repository.html
✓ Converted fatal-not-a-git-repository.md → blog/fatal-not-a-git-repository/index.html
✓ Converted fatal-not-git-repository.md → blogs/Fatal-Not-Git-Repository.html
✓ Converted fatal-not-git-repository.md → blog/fatal-not-git-repository/index.html
✓ Converted fatal-refusing-to-merge-unrelated-histories.md → blogs/Fatal-Refusing-to-Merge-Unrelated-Histories.html
✓ Converted fatal-refusing-to-merge-unrelated-histories.md → blog/fatal-refusing-to-merge-unrelated-histories/index.html
✓ Converted fortinet-fortigate-80.md → blogs/Fortinet-Fortigate-80.html
✓ Converted fortinet-fortigate-80.md → blog/fortinet-fortigate-80/index.html
✓ Converted free-bot-hosting-discord-247.md → blogs/Free-Bot-Hosting-Discord-247.html
✓ Converted free-bot-hosting-discord-247.md → blog/free-bot-hosting-discord-247/index.html
✓ Converted free-discord-members.md → blogs/Free-Discord-Members.html
✓ Converted free-discord-members.md → blog/free-discord-members/index.html
✓ Converted free-telegram-bot-hosting.md → blogs/Free-Telegram-Bot-Hosting.html
✓ Converted free-telegram-bot-hosting.md → blog/free-telegram-bot-hosting/index.html
✓ Converted frequent-garbage-collection-issues-in-elasticsearch-for-better-performance.md → blogs/Frequent-Garbage-Collection-Issues-in-Elasticsearch-for-Better-Performance.html
✓ Converted frequent-garbage-collection-issues-in-elasticsearch-for-better-performance.md → blog/frequent-garbage-collection-issues-in-elasticsearch-for-better-performance/index.html
✓ Converted future-proofing-enterprise-website-monitoring-systems-with-ai.md → blogs/Future-Proofing-Enterprise-Website-Monitoring-Systems-with-Ai.html
✓ Converted future-proofing-enterprise-website-monitoring-systems-with-ai.md → blog/future-proofing-enterprise-website-monitoring-systems-with-ai/index.html
✓ Converted generative-ai-in-kubernetes-software-development.md → blogs/Generative-Ai-in-Kubernetes-Software-Development.html
✓ Converted generative-ai-in-kubernetes-software-development.md → blog/generative-ai-in-kubernetes-software-development/index.html
✓ Converted git-config-global-http-sslbackend-schannel.md → blogs/Git-Config-Global-Http-Sslbackend-Schannel.html
✓ Converted git-config-global-http-sslbackend-schannel.md → blog/git-config-global-http-sslbackend-schannel/index.html
✓ Converted gitlab-unable-to-get-local-issuer-certificate.md → blogs/Gitlab-Unable-to-Get-Local-Issuer-Certificate.html
✓ Converted gitlab-unable-to-get-local-issuer-certificate.md → blog/gitlab-unable-to-get-local-issuer-certificate/index.html
✓ Converted graceful-shutdown-in-kubernetes.md → blogs/Graceful-Shutdown-in-Kubernetes.html
✓ Converted graceful-shutdown-in-kubernetes.md → blog/graceful-shutdown-in-kubernetes/index.html
✓ Converted graceful-shutdown-kubernetes.md → blogs/Graceful-Shutdown-Kubernetes.html
✓ Converted graceful-shutdown-kubernetes.md → blog/graceful-shutdown-kubernetes/index.html
✓ Converted heartbeat-pricing.md → blogs/Heartbeat-Pricing.html
✓ Converted heartbeat-pricing.md → blog/heartbeat-pricing/index.html
✓ Converted helmfile-tutorial.md → blogs/Helmfile-Tutorial.html
✓ Converted helmfile-tutorial.md → blog/helmfile-tutorial/index.html
✓ Converted hire-kubernetes-developers.md → blogs/Hire-Kubernetes-Developers.html
✓ Converted hire-kubernetes-developers.md → blog/hire-kubernetes-developers/index.html
✓ Converted how-to-check-ping-in-minecraft-1.md → blogs/How-to-Check-Ping-in-Minecraft-1.html
✓ Converted how-to-check-ping-in-minecraft-1.md → blog/how-to-check-ping-in-minecraft-1/index.html
✓ Converted how-to-check-ping-in-minecraft.md → blogs/How-to-Check-Ping-in-Minecraft.html
✓ Converted how-to-check-ping-in-minecraft.md → blog/how-to-check-ping-in-minecraft/index.html
✓ Converted how-to-get-status-of-kubernates-node-using-golang.md → blogs/How-to-Get-Status-of-Kubernates-Node-Using-Golang.html
✓ Converted how-to-get-status-of-kubernates-node-using-golang.md → blog/how-to-get-status-of-kubernates-node-using-golang/index.html
✓ Converted how-to-host-a-discord-bot-for-free-24-7.md → blogs/How-to-Host-a-Discord-Bot-for-Free-24-7.html
✓ Converted how-to-host-a-discord-bot-for-free-24-7.md → blog/how-to-host-a-discord-bot-for-free-24-7/index.html
✓ Converted how-to-restart-a-pod.md → blogs/How-to-Restart-a-Pod.html
✓ Converted how-to-restart-a-pod.md → blog/how-to-restart-a-pod/index.html
✓ Converted how-to-restart-pods-in-kubernetes.md → blogs/How-to-Restart-Pods-in-Kubernetes.html
✓ Converted how-to-restart-pods-in-kubernetes.md → blog/how-to-restart-pods-in-kubernetes/index.html
✓ Converted how-to-see-when-a-domain-name-expires.md → blogs/How-to-See-When-a-Domain-Name-Expires.html
✓ Converted how-to-see-when-a-domain-name-expires.md → blog/how-to-see-when-a-domain-name-expires/index.html
✓ Converted how-to-whitelist-ip.md → blogs/How-to-Whitelist-Ip.html
✓ Converted how-to-whitelist-ip.md → blog/how-to-whitelist-ip/index.html
✓ Converted httpsposicionamientowebeconomico.netmantenimiento-wordpress.md → blogs/Httpsposicionamientowebeconomico.netmantenimiento-Wordpress.html
✓ Converted httpsposicionamientowebeconomico.netmantenimiento-wordpress.md → blog/httpsposicionamientowebeconomico.netmantenimiento-wordpress/index.html
✓ Converted hw-log.md → blogs/Hw-Log.html
✓ Converted hw-log.md → blog/hw-log/index.html
✓ Converted hybrid-cloud-kubernetes.md → blogs/Hybrid-Cloud-Kubernetes.html
✓ Converted hybrid-cloud-kubernetes.md → blog/hybrid-cloud-kubernetes/index.html
✓ Converted imagepullbackoff-errimagepull-kubernetes.md → blogs/Imagepullbackoff-Errimagepull-Kubernetes.html
✓ Converted imagepullbackoff-errimagepull-kubernetes.md → blog/imagepullbackoff-errimagepull-kubernetes/index.html
✓ Converted imperative-vs-declarative-methods-in-kubernetes.md → blogs/Imperative-Vs-Declarative-Methods-in-Kubernetes.html
✓ Converted imperative-vs-declarative-methods-in-kubernetes.md → blog/imperative-vs-declarative-methods-in-kubernetes/index.html
✓ Converted implementing-kubernetes-events-with-yaml.md → blogs/Implementing-Kubernetes-Events-with-Yaml.html
✓ Converted implementing-kubernetes-events-with-yaml.md → blog/implementing-kubernetes-events-with-yaml/index.html
✓ Converted implementing-local-dns-on-omada-networks-using-coredns-plugins.md → blogs/Implementing-Local-Dns-on-Omada-Networks-Using-Coredns-Plugins.html
✓ Converted implementing-local-dns-on-omada-networks-using-coredns-plugins.md → blog/implementing-local-dns-on-omada-networks-using-coredns-plugins/index.html
✓ Converted implementing-url-monitoring-with-appdynamics-for-improved-user-experience.md → blogs/Implementing-Url-Monitoring-with-Appdynamics-for-Improved-User-Experience.html
✓ Converted implementing-url-monitoring-with-appdynamics-for-improved-user-experience.md → blog/implementing-url-monitoring-with-appdynamics-for-improved-user-experience/index.html
✓ Converted incident-resolution-in-devops-pipelines.md → blogs/Incident-Resolution-in-Devops-Pipelines.html
✓ Converted incident-resolution-in-devops-pipelines.md → blog/incident-resolution-in-devops-pipelines/index.html
✓ Converted incident-response-runbooks-improving-resilience-with-real-world-examples.md → blogs/Incident-Response-Runbooks-Improving-Resilience-with-Real-World-Examples.html
✓ Converted incident-response-runbooks-improving-resilience-with-real-world-examples.md → blog/incident-response-runbooks-improving-resilience-with-real-world-examples/index.html
✓ Converted indexing-challenges-and-solutions-in-url-monitoring-for-2025.md → blogs/Indexing-Challenges-and-Solutions-in-Url-Monitoring-for-2025.html
✓ Converted indexing-challenges-and-solutions-in-url-monitoring-for-2025.md → blog/indexing-challenges-and-solutions-in-url-monitoring-for-2025/index.html
✓ Converted integrating-ai-powered-observability-for-devops-in-2025.md → blogs/Integrating-Ai-Powered-Observability-for-Devops-in-2025.html
✓ Converted integrating-ai-powered-observability-for-devops-in-2025.md → blog/integrating-ai-powered-observability-for-devops-in-2025/index.html
✓ Converted integrating-aiops-into-your-kubernetes-monitoring-systems.md → blogs/Integrating-Aiops-Into-Your-Kubernetes-Monitoring-Systems.html
✓ Converted integrating-aiops-into-your-kubernetes-monitoring-systems.md → blog/integrating-aiops-into-your-kubernetes-monitoring-systems/index.html
✓ Converted integrating-coredns-with-prometheus-for-advanced-monitoring-and-alerting.md → blogs/Integrating-Coredns-with-Prometheus-for-Advanced-Monitoring-and-Alerting.html
✓ Converted integrating-coredns-with-prometheus-for-advanced-monitoring-and-alerting.md → blog/integrating-coredns-with-prometheus-for-advanced-monitoring-and-alerting/index.html
✓ Converted integrating-openai-tools-with-kubernetes.md → blogs/Integrating-Openai-Tools-with-Kubernetes.html
✓ Converted integrating-openai-tools-with-kubernetes.md → blog/integrating-openai-tools-with-kubernetes/index.html
✓ Converted integrating-runbooks-with-system-center-orchestrator-schedules.md → blogs/Integrating-Runbooks-with-System-Center-Orchestrator-Schedules.html
✓ Converted integrating-runbooks-with-system-center-orchestrator-schedules.md → blog/integrating-runbooks-with-system-center-orchestrator-schedules/index.html
✓ Converted interval-servicing-login.md → blogs/Interval-Servicing-Login.html
✓ Converted interval-servicing-login.md → blog/interval-servicing-login/index.html
✓ Converted ip-based-redirection-seo.md → blogs/Ip-Based-Redirection-Seo.html
✓ Converted ip-based-redirection-seo.md → blog/ip-based-redirection-seo/index.html
✓ Converted ip-mon.md → blogs/Ip-Mon.html
✓ Converted ip-mon.md → blog/ip-mon/index.html
✓ Converted is-it-top-kubernetes-cost-management-solutions.md → blogs/Is-It-Top-Kubernetes-Cost-Management-Solutions.html
✓ Converted is-it-top-kubernetes-cost-management-solutions.md → blog/is-it-top-kubernetes-cost-management-solutions/index.html
✓ Converted is-selenium-the-best-synthetic-monitoring.md → blogs/Is-Selenium-the-Best-Synthetic-Monitoring.html
✓ Converted is-selenium-the-best-synthetic-monitoring.md → blog/is-selenium-the-best-synthetic-monitoring/index.html
✓ Converted it-configuration-governance-tools-real-time-drift-detection.md → blogs/It-Configuration-Governance-Tools-Real-Time-Drift-Detection.html
✓ Converted it-configuration-governance-tools-real-time-drift-detection.md → blog/it-configuration-governance-tools-real-time-drift-detection/index.html
✓ Converted it-service-firms-247-monitoring-and-support.md → blogs/It-Service-Firms-247-Monitoring-and-Support.html
✓ Converted it-service-firms-247-monitoring-and-support.md → blog/it-service-firms-247-monitoring-and-support/index.html
✓ Converted karpenter-cost-optimization.md → blogs/Karpenter-Cost-Optimization.html
✓ Converted karpenter-cost-optimization.md → blog/karpenter-cost-optimization/index.html
✓ Converted keyword-archive.md → blogs/Keyword-Archive.html
✓ Converted keyword-archive.md → blog/keyword-archive/index.html
✓ Converted kube-config-file.md → blogs/Kube-Config-File.html
✓ Converted kube-config-file.md → blog/kube-config-file/index.html
✓ Converted kubectl-and-ai-leveraging-ai-driven-tools-for-kubernetes-management-in-2025.md → blogs/Kubectl-and-Ai-Leveraging-Ai-Driven-Tools-for-Kubernetes-Management-in-2025.html
✓ Converted kubectl-and-ai-leveraging-ai-driven-tools-for-kubernetes-management-in-2025.md → blog/kubectl-and-ai-leveraging-ai-driven-tools-for-kubernetes-management-in-2025/index.html
✓ Converted kubectl-config-file.md → blogs/Kubectl-Config-File.html
✓ Converted kubectl-config-file.md → blog/kubectl-config-file/index.html
✓ Converted kubectl-config-set-context.md → blogs/Kubectl-Config-Set-Context.html
✓ Converted kubectl-config-set-context.md → blog/kubectl-config-set-context/index.html
✓ Converted kubectl-get-svc.md → blogs/Kubectl-Get-Svc.html
✓ Converted kubectl-get-svc.md → blog/kubectl-get-svc/index.html
✓ Converted kubectl-node-not-ready.md → blogs/Kubectl-Node-Not-Ready.html
✓ Converted kubectl-node-not-ready.md → blog/kubectl-node-not-ready/index.html
✓ Converted kubectl-port-forward-to-0.0-0.0.md → blogs/Kubectl-Port-Forward-to-0.0-0.0.html
✓ Converted kubectl-port-forward-to-0.0-0.0.md → blog/kubectl-port-forward-to-0.0-0.0/index.html
✓ Converted kubectl-restart-all-pods.md → blogs/Kubectl-Restart-All-Pods.html
✓ Converted kubectl-restart-all-pods.md → blog/kubectl-restart-all-pods/index.html
✓ Converted kubectl-rollout.md → blogs/Kubectl-Rollout.html
✓ Converted kubectl-rollout.md → blog/kubectl-rollout/index.html
✓ Converted kubelet-stopped-posting-node-status.md → blogs/Kubelet-Stopped-Posting-Node-Status.html
✓ Converted kubelet-stopped-posting-node-status.md → blog/kubelet-stopped-posting-node-status/index.html
✓ Converted kubernetes-135-exploring-in-place-pod-resize-and-its-impact-on-resource-management.md → blogs/Kubernetes-135-Exploring-in-Place-Pod-Resize-and-Its-Impact-on-Resource-Management.html
✓ Converted kubernetes-135-exploring-in-place-pod-resize-and-its-impact-on-resource-management.md → blog/kubernetes-135-exploring-in-place-pod-resize-and-its-impact-on-resource-management/index.html
✓ Converted kubernetes-502-bad-gateway-error-fix.md → blogs/kubernetes_502_bad_gateway_error_fix.html
✓ Converted kubernetes-502-bad-gateway-error-fix.md → blog/kubernetes-502-bad-gateway-error-fix/index.html
✓ Converted kubernetes-502-bad-gateway.md → blogs/Kubernetes-502-Bad-Gateway.html
✓ Converted kubernetes-502-bad-gateway.md → blog/kubernetes-502-bad-gateway/index.html
✓ Converted kubernetes-adoption-challenges-in-2025.md → blogs/Kubernetes-Adoption-Challenges-in-2025.html
✓ Converted kubernetes-adoption-challenges-in-2025.md → blog/kubernetes-adoption-challenges-in-2025/index.html
✓ Converted kubernetes-ai-driven-fault-tolerance.md → blogs/Kubernetes-Ai-Driven-Fault-Tolerance.html
✓ Converted kubernetes-ai-driven-fault-tolerance.md → blog/kubernetes-ai-driven-fault-tolerance/index.html
✓ Converted kubernetes-ai-integration.md → blogs/Kubernetes-Ai-Integration.html
✓ Converted kubernetes-ai-integration.md → blog/kubernetes-ai-integration/index.html
✓ Converted kubernetes-ai-management-tools.md → blogs/Kubernetes-Ai-Management-Tools.html
✓ Converted kubernetes-ai-management-tools.md → blog/kubernetes-ai-management-tools/index.html
✓ Converted kubernetes-ai-predictive-analytics.md → blogs/Kubernetes-Ai-Predictive-Analytics.html
✓ Converted kubernetes-ai-predictive-analytics.md → blog/kubernetes-ai-predictive-analytics/index.html
✓ Converted kubernetes-ai-troubleshooting.md → blogs/Kubernetes-Ai-Troubleshooting.html
✓ Converted kubernetes-ai-troubleshooting.md → blog/kubernetes-ai-troubleshooting/index.html
✓ Converted kubernetes-and-ai-a-guide-to-running-ml-workloads-efficiently.md → blogs/Kubernetes-and-Ai-a-Guide-to-Running-Ml-Workloads-Efficiently.html
✓ Converted kubernetes-and-ai-a-guide-to-running-ml-workloads-efficiently.md → blog/kubernetes-and-ai-a-guide-to-running-ml-workloads-efficiently/index.html
✓ Converted kubernetes-anomaly-detection-ai.md → blogs/Kubernetes-Anomaly-Detection-Ai.html
✓ Converted kubernetes-anomaly-detection-ai.md → blog/kubernetes-anomaly-detection-ai/index.html
✓ Converted kubernetes-anti-patterns-epub.md → blogs/Kubernetes-Anti-Patterns-Epub.html
✓ Converted kubernetes-anti-patterns-epub.md → blog/kubernetes-anti-patterns-epub/index.html
✓ Converted kubernetes-api-rate-limiting-troubleshooting.md → blogs/Kubernetes-API-Rate-Limiting-Troubleshooting.html
✓ Converted kubernetes-api-rate-limiting-troubleshooting.md → blog/kubernetes-api-rate-limiting-troubleshooting/index.html
✓ Converted kubernetes-auto-remediation-best-practices.md → blogs/Kubernetes-Auto-Remediation-Best-Practices.html
✓ Converted kubernetes-auto-remediation-best-practices.md → blog/kubernetes-auto-remediation-best-practices/index.html
✓ Converted kubernetes-auto-remediation-techniques.md → blogs/Kubernetes-Auto-Remediation-Techniques.html
✓ Converted kubernetes-auto-remediation-techniques.md → blog/kubernetes-auto-remediation-techniques/index.html
✓ Converted kubernetes-certificate-expiration-monitoring.md → blogs/Kubernetes-Certificate-Expiration-Monitoring.html
✓ Converted kubernetes-certificate-expiration-monitoring.md → blog/kubernetes-certificate-expiration-monitoring/index.html
✓ Converted kubernetes-certificate-manager-integration.md → blogs/Kubernetes-Certificate-Manager-Integration.html
✓ Converted kubernetes-certificate-manager-integration.md → blog/kubernetes-certificate-manager-integration/index.html
✓ Converted kubernetes-cloud-automation-ai.md → blogs/Kubernetes-Cloud-Automation-Ai.html
✓ Converted kubernetes-cloud-automation-ai.md → blog/kubernetes-cloud-automation-ai/index.html
✓ Converted kubernetes-cloud-migration.md → blogs/Kubernetes-Cloud-Migration.html
✓ Converted kubernetes-cloud-migration.md → blog/kubernetes-cloud-migration/index.html
✓ Converted kubernetes-cluster-health-monitoring-tips.md → blogs/Kubernetes-Cluster-Health-Monitoring-Tips.html
✓ Converted kubernetes-cluster-health-monitoring-tips.md → blog/kubernetes-cluster-health-monitoring-tips/index.html
✓ Converted kubernetes-cluster-management-ai.md → blogs/Kubernetes-Cluster-Management-Ai.html
✓ Converted kubernetes-cluster-management-ai.md → blog/kubernetes-cluster-management-ai/index.html
✓ Converted kubernetes-cluster-monitoring-with-ai.md → blogs/Kubernetes-Cluster-Monitoring-with-Ai.html
✓ Converted kubernetes-cluster-monitoring-with-ai.md → blog/kubernetes-cluster-monitoring-with-ai/index.html
✓ Converted kubernetes-configmap-and-secret-mount-failures.md → blogs/Kubernetes-ConfigMap-and-Secret-Mount-Failures.html
✓ Converted kubernetes-configmap-and-secret-mount-failures.md → blog/kubernetes-configmap-and-secret-mount-failures/index.html
✓ Converted kubernetes-container-volume-usage-issues.md → blogs/Kubernetes-Container-Volume-Usage-Issues.html
✓ Converted kubernetes-container-volume-usage-issues.md → blog/kubernetes-container-volume-usage-issues/index.html
✓ Converted kubernetes-contributor-events-how-to-get-involved-in-2025.md → blogs/Kubernetes-Contributor-Events-How-to-Get-Involved-in-2025.html
✓ Converted kubernetes-contributor-events-how-to-get-involved-in-2025.md → blog/kubernetes-contributor-events-how-to-get-involved-in-2025/index.html
✓ Converted kubernetes-cost-optimization-strategies.md → blogs/Kubernetes-Cost-Optimization-Strategies.html
✓ Converted kubernetes-cost-optimization-strategies.md → blog/kubernetes-cost-optimization-strategies/index.html
✓ Converted kubernetes-crashloopbackoff.md → blogs/Kubernetes-Crashloopbackoff.html
✓ Converted kubernetes-crashloopbackoff.md → blog/kubernetes-crashloopbackoff/index.html
✓ Converted kubernetes-createcontainerconfigerror.md → blogs/Kubernetes-Createcontainerconfigerror.html
✓ Converted kubernetes-createcontainerconfigerror.md → blog/kubernetes-createcontainerconfigerror/index.html
✓ Converted kubernetes-csi-driver-failures.md → blogs/Kubernetes-CSI-Driver-Failures.html
✓ Converted kubernetes-csi-driver-failures.md → blog/kubernetes-csi-driver-failures/index.html
✓ Converted kubernetes-deployment-automation-in-2025.md → blogs/Kubernetes-Deployment-Automation-in-2025.html
✓ Converted kubernetes-deployment-automation-in-2025.md → blog/kubernetes-deployment-automation-in-2025/index.html
✓ Converted kubernetes-dns-blog.md → blogs/Kubernetes-DNS-blog.html
✓ Converted kubernetes-dns-blog.md → blog/kubernetes-dns-blog/index.html
✓ Converted kubernetes-dns-guide.md → blogs/Kubernetes-Dns-Guide.html
✓ Converted kubernetes-dns-guide.md → blog/kubernetes-dns-guide/index.html
✓ Converted kubernetes-event-management-with-python-a-2025-guide.md → blogs/Kubernetes-Event-Management-with-Python-a-2025-Guide.html
✓ Converted kubernetes-event-management-with-python-a-2025-guide.md → blog/kubernetes-event-management-with-python-a-2025-guide/index.html
✓ Converted kubernetes-evicted-pods.md → blogs/Kubernetes-Evicted-Pods.html
✓ Converted kubernetes-evicted-pods.md → blog/kubernetes-evicted-pods/index.html
✓ Converted kubernetes-exit-code-137.md → blogs/Kubernetes-Exit-Code-137.html
✓ Converted kubernetes-exit-code-137.md → blog/kubernetes-exit-code-137/index.html
✓ Converted kubernetes-explorer.md → blogs/Kubernetes-Explorer.html
✓ Converted kubernetes-explorer.md → blog/kubernetes-explorer/index.html
✓ Converted kubernetes-for-dummies-pdf.md → blogs/Kubernetes-for-Dummies-Pdf.html
✓ Converted kubernetes-for-dummies-pdf.md → blog/kubernetes-for-dummies-pdf/index.html
✓ Converted kubernetes-in-production-best-practices-pdf.md → blogs/Kubernetes-in-Production-Best-Practices-Pdf.html
✓ Converted kubernetes-in-production-best-practices-pdf.md → blog/kubernetes-in-production-best-practices-pdf/index.html
✓ Converted kubernetes-ingress-certificate-configuration.md → blogs/Kubernetes-Ingress-Certificate-Configuration.html
✓ Converted kubernetes-ingress-certificate-configuration.md → blog/kubernetes-ingress-certificate-configuration/index.html
✓ Converted kubernetes-init-crashloopbackoff.md → blogs/Kubernetes-Init-Crashloopbackoff.html
✓ Converted kubernetes-init-crashloopbackoff.md → blog/kubernetes-init-crashloopbackoff/index.html
✓ Converted kubernetes-initcontainer-failures.md → blogs/Kubernetes-InitContainer-Failures.html
✓ Converted kubernetes-initcontainer-failures.md → blog/kubernetes-initcontainer-failures/index.html
✓ Converted kubernetes-labels-vs-annotations.md → blogs/Kubernetes-Labels-Vs-Annotations.html
✓ Converted kubernetes-labels-vs-annotations.md → blog/kubernetes-labels-vs-annotations/index.html
✓ Converted kubernetes-load-balancer-failures.md → blogs/Kubernetes-Load-Balancer-Failures.html
✓ Converted kubernetes-load-balancer-failures.md → blog/kubernetes-load-balancer-failures/index.html
✓ Converted kubernetes-master-node-not-ready.md → blogs/Kubernetes-Master-Node-Not-Ready.html
✓ Converted kubernetes-master-node-not-ready.md → blog/kubernetes-master-node-not-ready/index.html
✓ Converted kubernetes-monitoring-tools-ai.md → blogs/Kubernetes-Monitoring-Tools-Ai.html
✓ Converted kubernetes-monitoring-tools-ai.md → blog/kubernetes-monitoring-tools-ai/index.html
✓ Converted kubernetes-native-solutions-beyond-docker-integration-and-efficiency.md → blogs/Kubernetes-Native-Solutions-Beyond-Docker-Integration-and-Efficiency.html
✓ Converted kubernetes-native-solutions-beyond-docker-integration-and-efficiency.md → blog/kubernetes-native-solutions-beyond-docker-integration-and-efficiency/index.html
✓ Converted kubernetes-node-auto-recovery-strategies.md → blogs/Kubernetes-Node-Auto-Recovery-Strategies.html
✓ Converted kubernetes-node-auto-recovery-strategies.md → blog/kubernetes-node-auto-recovery-strategies/index.html
✓ Converted kubernetes-node-not-ready-error.md → blogs/Kubernetes-Node-Not-Ready-Error.html
✓ Converted kubernetes-node-not-ready-error.md → blog/kubernetes-node-not-ready-error/index.html
✓ Converted kubernetes-node-not-ready-troubleshooting.md → blogs/Kubernetes-Node-Not-Ready-Troubleshooting.html
✓ Converted kubernetes-node-not-ready-troubleshooting.md → blog/kubernetes-node-not-ready-troubleshooting/index.html
✓ Converted kubernetes-node-not-ready.md → blogs/Kubernetes-Node-Not-Ready.html
✓ Converted kubernetes-node-not-ready.md → blog/kubernetes-node-not-ready/index.html
✓ Converted kubernetes-node-pressure-blog.md → blogs/Kubernetes-Node-Pressure-Blog.html
✓ Converted kubernetes-node-pressure-blog.md → blog/kubernetes-node-pressure-blog/index.html
✓ Converted kubernetes-observability.md → blogs/Kubernetes-Observability.html
✓ Converted kubernetes-observability.md → blog/kubernetes-observability/index.html
✓ Converted kubernetes-one-node.md → blogs/Kubernetes-One-Node.html
✓ Converted kubernetes-one-node.md → blog/kubernetes-one-node/index.html
✓ Converted kubernetes-performance-ai.md → blogs/Kubernetes-Performance-Ai.html
✓ Converted kubernetes-performance-ai.md → blog/kubernetes-performance-ai/index.html
✓ Converted kubernetes-performance-tuning-with-ai.md → blogs/Kubernetes-Performance-Tuning-with-Ai.html
✓ Converted kubernetes-performance-tuning-with-ai.md → blog/kubernetes-performance-tuning-with-ai/index.html
✓ Converted kubernetes-persistentvolumeclaim-guide.md → blogs/Kubernetes_PersistentVolumeClaim_Guide.html
✓ Converted kubernetes-persistentvolumeclaim-guide.md → blog/kubernetes-persistentvolumeclaim-guide/index.html
✓ Converted kubernetes-pod-failure-auto-remediation.md → blogs/Kubernetes-Pod-Failure-Auto-Remediation.html
✓ Converted kubernetes-pod-failure-auto-remediation.md → blog/kubernetes-pod-failure-auto-remediation/index.html
✓ Converted kubernetes-pod-restart-troubleshooting-in-2025.md → blogs/Kubernetes-Pod-Restart-Troubleshooting-in-2025.html
✓ Converted kubernetes-pod-restart-troubleshooting-in-2025.md → blog/kubernetes-pod-restart-troubleshooting-in-2025/index.html
✓ Converted kubernetes-pod-restart-troubleshooting.md → blogs/Kubernetes-Pod-Restart-Troubleshooting.html
✓ Converted kubernetes-pod-restart-troubleshooting.md → blog/kubernetes-pod-restart-troubleshooting/index.html
✓ Converted kubernetes-resource-optimization-platforms.md → blogs/Kubernetes-Resource-Optimization-Platforms.html
✓ Converted kubernetes-resource-optimization-platforms.md → blog/kubernetes-resource-optimization-platforms/index.html
✓ Converted kubernetes-resource-optimization-software.md → blogs/Kubernetes-Resource-Optimization-Software.html
✓ Converted kubernetes-resource-optimization-software.md → blog/kubernetes-resource-optimization-software/index.html
✓ Converted kubernetes-resource-optimization-solutions.md → blogs/Kubernetes-Resource-Optimization-Solutions.html
✓ Converted kubernetes-resource-optimization-solutions.md → blog/kubernetes-resource-optimization-solutions/index.html
✓ Converted kubernetes-resourcequota.md → blogs/Kubernetes-Resourcequota.html
✓ Converted kubernetes-resourcequota.md → blog/kubernetes-resourcequota/index.html
✓ Converted kubernetes-self-healing-infrastructure.md → blogs/Kubernetes-Self-Healing-Infrastructure.html
✓ Converted kubernetes-self-healing-infrastructure.md → blog/kubernetes-self-healing-infrastructure/index.html
✓ Converted kubernetes-service-discovery-failures.md → blogs/Kubernetes-Service-Discovery-Failures.html
✓ Converted kubernetes-service-discovery-failures.md → blog/kubernetes-service-discovery-failures/index.html
✓ Converted kubernetes-ssl-certificate-management.md → blogs/Kubernetes-Ssl-Certificate-Management.html
✓ Converted kubernetes-ssl-certificate-management.md → blog/kubernetes-ssl-certificate-management/index.html
✓ Converted kubernetes-stable-version-benefits.md → blogs/Kubernetes-Stable-Version-Benefits.html
✓ Converted kubernetes-stable-version-benefits.md → blog/kubernetes-stable-version-benefits/index.html
✓ Converted kubernetes-statefulset-volume-recovery-issues-troublshooting.md → blogs/Kubernetes-StatefulSet-Volume-Recovery-Issues-troublshooting.html
✓ Converted kubernetes-statefulset-volume-recovery-issues-troublshooting.md → blog/kubernetes-statefulset-volume-recovery-issues-troublshooting/index.html
✓ Converted kubernetes-statefulset-volume-recovery-issues.md → blogs/Kubernetes-StatefulSet-Volume-Recovery-Issues.html
✓ Converted kubernetes-statefulset-volume-recovery-issues.md → blog/kubernetes-statefulset-volume-recovery-issues/index.html
✓ Converted kubernetes-trends-2025-insights-from-kubecon-and-cloudnativecon.md → blogs/Kubernetes-Trends-2025-Insights-from-Kubecon-and-Cloudnativecon.html
✓ Converted kubernetes-trends-2025-insights-from-kubecon-and-cloudnativecon.md → blog/kubernetes-trends-2025-insights-from-kubecon-and-cloudnativecon/index.html
✓ Converted kubernetes-tutorial-pdf.md → blogs/Kubernetes-Tutorial-Pdf.html
✓ Converted kubernetes-tutorial-pdf.md → blog/kubernetes-tutorial-pdf/index.html
✓ Converted kubernetes-v1350-alerting-setup.md → blogs/Kubernetes-V1350-Alerting-Setup.html
✓ Converted kubernetes-v1350-alerting-setup.md → blog/kubernetes-v1350-alerting-setup/index.html
✓ Converted kubernetes-v1350-deployment-strategies.md → blogs/Kubernetes-V1350-Deployment-Strategies.html
✓ Converted kubernetes-v1350-deployment-strategies.md → blog/kubernetes-v1350-deployment-strategies/index.html
✓ Converted kubernetes-v1350-features-overview.md → blogs/Kubernetes-V1350-Features-Overview.html
✓ Converted kubernetes-v1350-features-overview.md → blog/kubernetes-v1350-features-overview/index.html
✓ Converted kubernetes-v1350-monitoring-tools.md → blogs/Kubernetes-V1350-Monitoring-Tools.html
✓ Converted kubernetes-v1350-monitoring-tools.md → blog/kubernetes-v1350-monitoring-tools/index.html
✓ Converted kubernetes-visibility.md → blogs/Kubernetes-Visibility.html
✓ Converted kubernetes-visibility.md → blog/kubernetes-visibility/index.html
✓ Converted kubernetes-vs-eks.md → blogs/Kubernetes-Vs-Eks.html
✓ Converted kubernetes-vs-eks.md → blog/kubernetes-vs-eks/index.html
✓ Converted kubernetes-vs-rancher.md → blogs/Kubernetes-Vs-Rancher.html
✓ Converted kubernetes-vs-rancher.md → blog/kubernetes-vs-rancher/index.html
✓ Converted kv-get-failed-503-service-temporarily-unavailable.md → blogs/Kv-Get-Failed-503-Service-Temporarily-Unavailable.html
✓ Converted kv-get-failed-503-service-temporarily-unavailable.md → blog/kv-get-failed-503-service-temporarily-unavailable/index.html
✓ Converted latest-kubernetes-trends-and-best-practices-from-kubecon-2025.md → blogs/Latest-Kubernetes-Trends-and-Best-Practices-from-Kubecon-2025.html
✓ Converted latest-kubernetes-trends-and-best-practices-from-kubecon-2025.md → blog/latest-kubernetes-trends-and-best-practices-from-kubecon-2025/index.html
✓ Converted leading-tool-for-cost-management-in-kubernetes-2025.md → blogs/Leading-Tool-for-Cost-Management-in-Kubernetes-2025.html
✓ Converted leading-tool-for-cost-management-in-kubernetes-2025.md → blog/leading-tool-for-cost-management-in-kubernetes-2025/index.html
✓ Converted livemonitor.md → blogs/Livemonitor.html
✓ Converted livemonitor.md → blog/livemonitor/index.html
✓ Converted llama-vs-claude.md → blogs/Llama-Vs-Claude.html
✓ Converted llama-vs-claude.md → blog/llama-vs-claude/index.html
✓ Converted load-balancing-and-scaling-long-lived-connections-in-kubernetes.md → blogs/Load-Balancing-and-Scaling-Long-Lived-Connections-in-Kubernetes.html
✓ Converted load-balancing-and-scaling-long-lived-connections-in-kubernetes.md → blog/load-balancing-and-scaling-long-lived-connections-in-kubernetes/index.html
✓ Converted load-balancing-long-lived-connections-kubernetes.md → blogs/Load-Balancing-Long-Lived-Connections-Kubernetes.html
✓ Converted load-balancing-long-lived-connections-kubernetes.md → blog/load-balancing-long-lived-connections-kubernetes/index.html
✓ Converted machine-learning-for-kubernetes-optimization.md → blogs/Machine-Learning-for-Kubernetes-Optimization.html
✓ Converted machine-learning-for-kubernetes-optimization.md → blog/machine-learning-for-kubernetes-optimization/index.html
✓ Converted machine-learning-in-cloud-infrastructure-monitoring.md → blogs/Machine-Learning-in-Cloud-Infrastructure-Monitoring.html
✓ Converted machine-learning-in-cloud-infrastructure-monitoring.md → blog/machine-learning-in-cloud-infrastructure-monitoring/index.html
✓ Converted machine-learning-on-kubernetes-read-online.md → blogs/Machine-Learning-on-Kubernetes-Read-Online.html
✓ Converted machine-learning-on-kubernetes-read-online.md → blog/machine-learning-on-kubernetes-read-online/index.html
✓ Converted machine-uptime-monitoring.md → blogs/Machine-Uptime-Monitoring.html
✓ Converted machine-uptime-monitoring.md → blog/machine-uptime-monitoring/index.html
✓ Converted mailgun-statuspage.md → blogs/Mailgun-Statuspage.html
✓ Converted mailgun-statuspage.md → blog/mailgun-statuspage/index.html
✓ Converted make-error-127.md → blogs/Make-Error-127.html
✓ Converted make-error-127.md → blog/make-error-127/index.html
✓ Converted managed-kubeflow.md → blogs/Managed-Kubeflow.html
✓ Converted managed-kubeflow.md → blog/managed-kubeflow/index.html
✓ Converted managing-high-number-of-queued-threads-in-elasticsearch-thread-pool-for-optimal-performance.md → blogs/Managing-High-Number-of-Queued-Threads-in-Elasticsearch-Thread-Pool-for-Optimal-Performance.html
✓ Converted managing-high-number-of-queued-threads-in-elasticsearch-thread-pool-for-optimal-performance.md → blog/managing-high-number-of-queued-threads-in-elasticsearch-thread-pool-for-optimal-performance/index.html
✓ Converted managing-high-number-of-rejected-threads-in-elasticsearch-thread-pool-for-better-performance.md → blogs/Managing-High-Number-of-Rejected-Threads-in-Elasticsearch-Thread-Pool-for-Better-Performance.html
✓ Converted managing-high-number-of-rejected-threads-in-elasticsearch-thread-pool-for-better-performance.md → blog/managing-high-number-of-rejected-threads-in-elasticsearch-thread-pool-for-better-performance/index.html
✓ Converted managing-microservices-in-kubernetes-post-migration.md → blogs/Managing-Microservices-in-Kubernetes-Post-Migration.html
✓ Converted managing-microservices-in-kubernetes-post-migration.md → blog/managing-microservices-in-kubernetes-post-migration/index.html
✓ Converted mastering-incident-response-workflows-a-step-by-step-guide.md → blogs/Mastering-Incident-Response-Workflows-a-Step-by-Step-Guide.html
✓ Converted mastering-incident-response-workflows-a-step-by-step-guide.md → blog/mastering-incident-response-workflows-a-step-by-step-guide/index.html
✓ Converted mastering-kubernetes-resource-quotas-requests-and-limits-for-optimized-cluster-performance.md → blogs/Mastering_Kubernetes_Resource_Quotas_Requests_and_Limits_for_Optimized_Cluster_Performance.html
✓ Converted mastering-kubernetes-resource-quotas-requests-and-limits-for-optimized-cluster-performance.md → blog/mastering-kubernetes-resource-quotas-requests-and-limits-for-optimized-cluster-performance/index.html
✓ Converted mastering-kubernetes-resource-quotas-requests-limits.md → blogs/Mastering-Kubernetes-Resource-Quotas-Requests-Limits.html
✓ Converted mastering-kubernetes-resource-quotas-requests-limits.md → blog/mastering-kubernetes-resource-quotas-requests-limits/index.html
✓ Converted mastering-kubernetes-statefulsets-basics-and-debugging-tips.md → blogs/Mastering-Kubernetes-StatefulSets-Basics-and-Debugging-Tips.html
✓ Converted mastering-kubernetes-statefulsets-basics-and-debugging-tips.md → blog/mastering-kubernetes-statefulsets-basics-and-debugging-tips/index.html
✓ Converted mastering-kubernetes-statefulsets.md → blogs/Mastering-Kubernetes-Statefulsets.html
✓ Converted mastering-kubernetes-statefulsets.md → blog/mastering-kubernetes-statefulsets/index.html
✓ Converted mastering-load-balancing-for-persistent-connections-in-kubernetes.md → blogs/Mastering-Load-Balancing-for-Persistent-Connections-in-Kubernetes.html
✓ Converted mastering-load-balancing-for-persistent-connections-in-kubernetes.md → blog/mastering-load-balancing-for-persistent-connections-in-kubernetes/index.html
✓ Converted mastering-load-balancing-persistent-connections-kubernetes.md → blogs/Mastering-Load-Balancing-Persistent-Connections-Kubernetes.html
✓ Converted mastering-load-balancing-persistent-connections-kubernetes.md → blog/mastering-load-balancing-persistent-connections-kubernetes/index.html
✓ Converted maxunavailable-pdb.md → blogs/Maxunavailable-Pdb.html
✓ Converted maxunavailable-pdb.md → blog/maxunavailable-pdb/index.html
✓ Converted migrating-from-promtail-to-alloy-a-comprehensive-guide.md → blogs/Migrating-from-Promtail-to-Alloy-a-Comprehensive-Guide.html
✓ Converted migrating-from-promtail-to-alloy-a-comprehensive-guide.md → blog/migrating-from-promtail-to-alloy-a-comprehensive-guide/index.html
✓ Converted migrating-kube-clusters-to-gke-best-practices-and-pitfalls.md → blogs/Migrating-Kube-Clusters-to-Gke-Best-Practices-and-Pitfalls.html
✓ Converted migrating-kube-clusters-to-gke-best-practices-and-pitfalls.md → blog/migrating-kube-clusters-to-gke-best-practices-and-pitfalls/index.html
✓ Converted migrating-legacy-vms-to-kubernetes-a-2025-cloud-native-roadmap.md → blogs/Migrating-Legacy-Vms-to-Kubernetes-a-2025-Cloud-Native-Roadmap.html
✓ Converted migrating-legacy-vms-to-kubernetes-a-2025-cloud-native-roadmap.md → blog/migrating-legacy-vms-to-kubernetes-a-2025-cloud-native-roadmap/index.html
✓ Converted mitigating-coredns-cve-2025-47950-step-by-step-guide-for-securing-your-dns-infrastructure.md → blogs/Mitigating-Coredns-Cve-2025-47950-Step-by-Step-Guide-for-Securing-Your-Dns-Infrastructure.html
✓ Converted mitigating-coredns-cve-2025-47950-step-by-step-guide-for-securing-your-dns-infrastructure.md → blog/mitigating-coredns-cve-2025-47950-step-by-step-guide-for-securing-your-dns-infrastructure/index.html
✓ Converted mitigating-cve-2025-47950-strategies-for-coredns-defense.md → blogs/Mitigating-Cve-2025-47950-Strategies-for-Coredns-Defense.html
✓ Converted mitigating-cve-2025-47950-strategies-for-coredns-defense.md → blog/mitigating-cve-2025-47950-strategies-for-coredns-defense/index.html
✓ Converted mitmproxy-certificate-verify-failed-unable-to-get-local-issuer-certificate.md → blogs/Mitmproxy-Certificate-Verify-Failed-Unable-to-Get-Local-Issuer-Certificate.html
✓ Converted mitmproxy-certificate-verify-failed-unable-to-get-local-issuer-certificate.md → blog/mitmproxy-certificate-verify-failed-unable-to-get-local-issuer-certificate/index.html
✓ Converted model-control-protocol-for-ai-powered-kubernetes.md → blogs/Model-Control-Protocol-for-Ai-Powered-Kubernetes.html
✓ Converted model-control-protocol-for-ai-powered-kubernetes.md → blog/model-control-protocol-for-ai-powered-kubernetes/index.html
✓ Converted modern-approaches-to-runbook-automation-in-2025.md → blogs/Modern-Approaches-to-Runbook-Automation-in-2025.html
✓ Converted modern-approaches-to-runbook-automation-in-2025.md → blog/modern-approaches-to-runbook-automation-in-2025/index.html
✓ Converted modern-kubernetes-security-practices.md → blogs/Modern-Kubernetes-Security-Practices.html
✓ Converted modern-kubernetes-security-practices.md → blog/modern-kubernetes-security-practices/index.html
✓ Converted monitor-remote-iot-price-2.md → blogs/Monitor-Remote-Iot-Price-2.html
✓ Converted monitor-remote-iot-price-2.md → blog/monitor-remote-iot-price-2/index.html
✓ Converted monitor-remote-iot-price.md → blogs/Monitor-Remote-Iot-Price.html
✓ Converted monitor-remote-iot-price.md → blog/monitor-remote-iot-price/index.html
✓ Converted monitoring-cloud-native-applications-with-kubernetes.md → blogs/Monitoring-Cloud-Native-Applications-with-Kubernetes.html
✓ Converted monitoring-cloud-native-applications-with-kubernetes.md → blog/monitoring-cloud-native-applications-with-kubernetes/index.html
✓ Converted monitoring-pro.md → blogs/Monitoring-Pro.html
✓ Converted monitoring-pro.md → blog/monitoring-pro/index.html
✓ Converted most-effective-it-mapping-tools-for-it-infrastructure.md → blogs/Most-Effective-It-Mapping-Tools-for-It-Infrastructure.html
✓ Converted most-effective-it-mapping-tools-for-it-infrastructure.md → blog/most-effective-it-mapping-tools-for-it-infrastructure/index.html
✓ Converted multi-az-aks-clusters-high-availability-guide.md → blogs/Multi-Az-Aks-Clusters-High-Availability-Guide.html
✓ Converted multi-az-aks-clusters-high-availability-guide.md → blog/multi-az-aks-clusters-high-availability-guide/index.html
✓ Converted multicloud-strategies-with-kubernetes.md → blogs/Multicloud-Strategies-with-Kubernetes.html
✓ Converted multicloud-strategies-with-kubernetes.md → blog/multicloud-strategies-with-kubernetes/index.html
✓ Converted mx-simulator-server.md → blogs/Mx-Simulator-Server.html
✓ Converted mx-simulator-server.md → blog/mx-simulator-server/index.html
✓ Converted navigating-kubernetes-service-mesh-and-policy-management-in-2025.md → blogs/Navigating-Kubernetes-Service-Mesh-and-Policy-Management-in-2025.html
✓ Converted navigating-kubernetes-service-mesh-and-policy-management-in-2025.md → blog/navigating-kubernetes-service-mesh-and-policy-management-in-2025/index.html
✓ Converted network-connectivity-and-latency-issues-in-elasticsearch.md → blogs/Network-Connectivity-and-Latency-Issues-in-Elasticsearch.html
✓ Converted network-connectivity-and-latency-issues-in-elasticsearch.md → blog/network-connectivity-and-latency-issues-in-elasticsearch/index.html
✓ Converted network-outage-troubleshooting-guide.md → blogs/Network-Outage-Troubleshooting-Guide.html
✓ Converted network-outage-troubleshooting-guide.md → blog/network-outage-troubleshooting-guide/index.html
✓ Converted network-services-provider-247-monitoring-and-response.md → blogs/Network-Services-Provider-247-Monitoring-and-Response.html
✓ Converted network-services-provider-247-monitoring-and-response.md → blog/network-services-provider-247-monitoring-and-response/index.html
✓ Converted new-relic-vs-sentry-1.md → blogs/New-Relic-Vs-Sentry-1.html
✓ Converted new-relic-vs-sentry-1.md → blog/new-relic-vs-sentry-1/index.html
✓ Converted new-relic-vs-sentry.md → blogs/New-Relic-Vs-Sentry.html
✓ Converted new-relic-vs-sentry.md → blog/new-relic-vs-sentry/index.html
✓ Converted node-exit-code-134.md → blogs/Node-Exit-Code-134.html
✓ Converted node-exit-code-134.md → blog/node-exit-code-134/index.html
✓ Converted node-problem-detector.md → blogs/Node-Problem-Detector.html
✓ Converted node-problem-detector.md → blog/node-problem-detector/index.html
✓ Converted not-a-git-repo.md → blogs/Not-a-Git-Repo.html
✓ Converted not-a-git-repo.md → blog/not-a-git-repo/index.html
✓ Converted not-a-git-repository-fatal.md → blogs/Not-a-Git-Repository-Fatal.html
✓ Converted not-a-git-repository-fatal.md → blog/not-a-git-repository-fatal/index.html
✓ Converted not-a-git-repository-git.md → blogs/Not-a-Git-Repository-Git.html
✓ Converted not-a-git-repository-git.md → blog/not-a-git-repository-git/index.html
✓ Converted not-a-git-repository-or-any-of-the-parent.md → blogs/Not-a-Git-Repository-or-Any-of-the-Parent.html
✓ Converted not-a-git-repository-or-any-of-the-parent.md → blog/not-a-git-repository-or-any-of-the-parent/index.html
✓ Converted notifier-alarm-panel.md → blogs/Notifier-Alarm-Panel.html
✓ Converted notifier-alarm-panel.md → blog/notifier-alarm-panel/index.html
✓ Converted notifier-carbon-monoxide-detector.md → blogs/Notifier-Carbon-Monoxide-Detector.html
✓ Converted notifier-carbon-monoxide-detector.md → blog/notifier-carbon-monoxide-detector/index.html
✓ Converted notifier-co-detector.md → blogs/Notifier-Co-Detector.html
✓ Converted notifier-co-detector.md → blog/notifier-co-detector/index.html
✓ Converted observability-vs-visibility.md → blogs/Observability-Vs-Visibility.html
✓ Converted observability-vs-visibility.md → blog/observability-vs-visibility/index.html
✓ Converted one-node-kubernetes.md → blogs/One-Node-Kubernetes.html
✓ Converted one-node-kubernetes.md → blog/one-node-kubernetes/index.html
✓ Converted one-off-database-migration-tasks-in-kubernetes-a-practical-approach.md → blogs/One-Off-Database-Migration-Tasks-in-Kubernetes-a-Practical-Approach.html
✓ Converted one-off-database-migration-tasks-in-kubernetes-a-practical-approach.md → blog/one-off-database-migration-tasks-in-kubernetes-a-practical-approach/index.html
✓ Converted one-time-seo-1.md → blogs/One-Time-Seo-1.html
✓ Converted one-time-seo-1.md → blog/one-time-seo-1/index.html
✓ Converted one-time-seo.md → blogs/One-Time-Seo.html
✓ Converted one-time-seo.md → blog/one-time-seo/index.html
✓ Converted online-buchungssysteme.md → blogs/Online-Buchungssysteme.html
✓ Converted online-buchungssysteme.md → blog/online-buchungssysteme/index.html
✓ Converted oomkilled-in-kubernetes.md → blogs/OOMKilled-in-Kubernetes.html
✓ Converted oomkilled-in-kubernetes.md → blog/oomkilled-in-kubernetes/index.html
✓ Converted oomkilled.md → blogs/Oomkilled.html
✓ Converted oomkilled.md → blog/oomkilled/index.html
✓ Converted opa-architecture.md → blogs/Opa-Architecture.html
✓ Converted opa-architecture.md → blog/opa-architecture/index.html
✓ Converted opa-test.md → blogs/Opa-Test.html
✓ Converted opa-test.md → blog/opa-test/index.html
✓ Converted opa-testing.md → blogs/Opa-Testing.html
✓ Converted opa-testing.md → blog/opa-testing/index.html
✓ Converted open-policy-agent-alternatives.md → blogs/Open-Policy-Agent-Alternatives.html
✓ Converted open-policy-agent-alternatives.md → blog/open-policy-agent-alternatives/index.html
✓ Converted openocd-exited-with-code-1.md → blogs/Openocd-Exited-with-Code-1.html
✓ Converted openocd-exited-with-code-1.md → blog/openocd-exited-with-code-1/index.html
✓ Converted opentelemetry-collector-setup-in-kubernetes.md → blogs/Opentelemetry-Collector-Setup-in-Kubernetes.html
✓ Converted opentelemetry-collector-setup-in-kubernetes.md → blog/opentelemetry-collector-setup-in-kubernetes/index.html
✓ Converted optimizing-coredns-performance-at-scale-best-practices-for-large-kubernetes-clusters.md → blogs/Optimizing-Coredns-Performance-at-Scale-Best-Practices-for-Large-Kubernetes-Clusters.html
✓ Converted optimizing-coredns-performance-at-scale-best-practices-for-large-kubernetes-clusters.md → blog/optimizing-coredns-performance-at-scale-best-practices-for-large-kubernetes-clusters/index.html
✓ Converted optimizing-coredns-plugin-performance-in-2025.md → blogs/Optimizing-Coredns-Plugin-Performance-in-2025.html
✓ Converted optimizing-coredns-plugin-performance-in-2025.md → blog/optimizing-coredns-plugin-performance-in-2025/index.html
✓ Converted optimizing-elasticsearch-for-high-volume-indexing.md → blogs/Optimizing-Elasticsearch-for-High-Volume-Indexing.html
✓ Converted optimizing-elasticsearch-for-high-volume-indexing.md → blog/optimizing-elasticsearch-for-high-volume-indexing/index.html
✓ Converted optimizing-elasticsearch-heap-memory.md → blogs/Optimizing-Elasticsearch-Heap-Memory.html
✓ Converted optimizing-elasticsearch-heap-memory.md → blog/optimizing-elasticsearch-heap-memory/index.html
✓ Converted optimizing-high-jvm-heap-usage-in-elasticsearch.md → blogs/Optimizing-High-JVM-Heap-Usage-in-Elasticsearch.html
✓ Converted optimizing-high-jvm-heap-usage-in-elasticsearch.md → blog/optimizing-high-jvm-heap-usage-in-elasticsearch/index.html
✓ Converted optimizing-kubernetes-for-ai-driven-workloads.md → blogs/Optimizing-Kubernetes-for-Ai-Driven-Workloads.html
✓ Converted optimizing-kubernetes-for-ai-driven-workloads.md → blog/optimizing-kubernetes-for-ai-driven-workloads/index.html
✓ Converted optimizing-kubernetes-for-ai-workloads.md → blogs/Optimizing-Kubernetes-for-Ai-Workloads.html
✓ Converted optimizing-kubernetes-for-ai-workloads.md → blog/optimizing-kubernetes-for-ai-workloads/index.html
✓ Converted optimizing-kubernetes-observability-with-ai.md → blogs/Optimizing-Kubernetes-Observability-with-Ai.html
✓ Converted optimizing-kubernetes-observability-with-ai.md → blog/optimizing-kubernetes-observability-with-ai/index.html
✓ Converted optimizing-runbook-creation-with-aiops-insights.md → blogs/Optimizing-Runbook-Creation-with-Aiops-Insights.html
✓ Converted optimizing-runbook-creation-with-aiops-insights.md → blog/optimizing-runbook-creation-with-aiops-insights/index.html
✓ Converted optimizing-url-monitoring-response-times-in-kubernetes-environments.md → blogs/Optimizing-Url-Monitoring-Response-Times-in-Kubernetes-Environments.html
✓ Converted optimizing-url-monitoring-response-times-in-kubernetes-environments.md → blog/optimizing-url-monitoring-response-times-in-kubernetes-environments/index.html
✓ Converted origin-does-not-appear-to-be-a-git-repository.md → blogs/Origin-Does-Not-Appear-to-Be-a-Git-Repository.html
✓ Converted origin-does-not-appear-to-be-a-git-repository.md → blog/origin-does-not-appear-to-be-a-git-repository/index.html
✓ Converted origin-errors.md → blogs/Origin-Errors.html
✓ Converted origin-errors.md → blog/origin-errors/index.html
✓ Converted pacman-ssl-certificate-problem-unable-to-get-local-issuer-certificate.md → blogs/Pacman-Ssl-Certificate-Problem-Unable-to-Get-Local-Issuer-Certificate.html
✓ Converted pacman-ssl-certificate-problem-unable-to-get-local-issuer-certificate.md → blog/pacman-ssl-certificate-problem-unable-to-get-local-issuer-certificate/index.html
✓ Converted pci-dss-incident-response-plan-template.md → blogs/Pci-Dss-Incident-Response-Plan-Template.html
✓ Converted pci-dss-incident-response-plan-template.md → blog/pci-dss-incident-response-plan-template/index.html
✓ Converted pearson-current-monitor.md → blogs/Pearson-Current-Monitor.html
✓ Converted pearson-current-monitor.md → blog/pearson-current-monitor/index.html
✓ Converted performance-optimization-tips-for-kubernetes-clusters.md → blogs/Performance-Optimization-Tips-for-Kubernetes-Clusters.html
✓ Converted performance-optimization-tips-for-kubernetes-clusters.md → blog/performance-optimization-tips-for-kubernetes-clusters/index.html
✓ Converted petrova-ai.md → blogs/Petrova-Ai.html
✓ Converted petrova-ai.md → blog/petrova-ai/index.html
✓ Converted ping-an-email-address.md → blogs/Ping-an-Email-Address.html
✓ Converted ping-an-email-address.md → blog/ping-an-email-address/index.html
✓ Converted ping-api.md → blogs/Ping-Api.html
✓ Converted ping-api.md → blog/ping-api/index.html
✓ Converted pingdom-alternatives.md → blogs/Pingdom-Alternatives.html
✓ Converted pingdom-alternatives.md → blog/pingdom-alternatives/index.html
✓ Converted pingdom-competitors.md → blogs/Pingdom-Competitors.html
✓ Converted pingdom-competitors.md → blog/pingdom-competitors/index.html
✓ Converted pod-rightsizing-tools-for-enterprise.md → blogs/Pod-Rightsizing-Tools-for-Enterprise.html
✓ Converted pod-rightsizing-tools-for-enterprise.md → blog/pod-rightsizing-tools-for-enterprise/index.html
✓ Converted policy-enforcement-point-definition.md → blogs/Policy-Enforcement-Point-Definition.html
✓ Converted policy-enforcement-point-definition.md → blog/policy-enforcement-point-definition/index.html
✓ Converted port-tool.md → blogs/Port-Tool.html
✓ Converted port-tool.md → blog/port-tool/index.html
✓ Converted port-tools.md → blogs/Port-Tools.html
✓ Converted port-tools.md → blog/port-tools/index.html
✓ Converted porting-tools.md → blogs/Porting-Tools.html
✓ Converted porting-tools.md → blog/porting-tools/index.html
✓ Converted powering-incident-response-with-machine-learning-predictions.md → blogs/Powering-Incident-Response-with-Machine-Learning-Predictions.html
✓ Converted powering-incident-response-with-machine-learning-predictions.md → blog/powering-incident-response-with-machine-learning-predictions/index.html
✓ Converted predictive-analytics-for-kubernetes-scaling.md → blogs/Predictive-Analytics-for-Kubernetes-Scaling.html
✓ Converted predictive-analytics-for-kubernetes-scaling.md → blog/predictive-analytics-for-kubernetes-scaling/index.html
✓ Converted privileged-containers-in-kubernetes.md → blogs/Privileged-Containers-in-Kubernetes.html
✓ Converted privileged-containers-in-kubernetes.md → blog/privileged-containers-in-kubernetes/index.html
✓ Converted proactive-aiops-moving-from-reactive-troubleshooting-to-intelligent-automation.md → blogs/Proactive-Aiops-Moving-from-Reactive-Troubleshooting-to-Intelligent-Automation.html
✓ Converted proactive-aiops-moving-from-reactive-troubleshooting-to-intelligent-automation.md → blog/proactive-aiops-moving-from-reactive-troubleshooting-to-intelligent-automation/index.html
✓ Converted proton-outage-analysis-lessons-from-kubernetes-migration-failures.md → blogs/Proton-Outage-Analysis-Lessons-from-Kubernetes-Migration-Failures.html
✓ Converted proton-outage-analysis-lessons-from-kubernetes-migration-failures.md → blog/proton-outage-analysis-lessons-from-kubernetes-migration-failures/index.html
✓ Converted python-unable-to-get-local-issuer-certificate.md → blogs/Python-Unable-to-Get-Local-Issuer-Certificate.html
✓ Converted python-unable-to-get-local-issuer-certificate.md → blog/python-unable-to-get-local-issuer-certificate/index.html
✓ Converted qemu-exited-with-code-1.md → blogs/Qemu-Exited-with-Code-1.html
✓ Converted qemu-exited-with-code-1.md → blog/qemu-exited-with-code-1/index.html
✓ Converted rancher-alternative.md → blogs/Rancher-Alternative.html
✓ Converted rancher-alternative.md → blog/rancher-alternative/index.html
✓ Converted rancher-alternatives.md → blogs/Rancher-Alternatives.html
✓ Converted rancher-alternatives.md → blog/rancher-alternatives/index.html
✓ Converted rapid-iptv.md → blogs/Rapid-Iptv.html
✓ Converted rapid-iptv.md → blog/rapid-iptv/index.html
✓ Converted rapidiptv.md → blogs/Rapidiptv.html
✓ Converted rapidiptv.md → blog/rapidiptv/index.html
✓ Converted readiness-probe-failed-http-probe-failed-with-statuscode-503-1.md → blogs/Readiness-Probe-Failed-Http-Probe-Failed-with-Statuscode-503-1.html
✓ Converted readiness-probe-failed-http-probe-failed-with-statuscode-503-1.md → blog/readiness-probe-failed-http-probe-failed-with-statuscode-503-1/index.html
✓ Converted readiness-probe-failed-http-probe-failed-with-statuscode-503.md → blogs/Readiness-Probe-Failed-Http-Probe-Failed-with-Statuscode-503.html
✓ Converted readiness-probe-failed-http-probe-failed-with-statuscode-503.md → blog/readiness-probe-failed-http-probe-failed-with-statuscode-503/index.html
✓ Converted real-time-api-monitoring-solutions.md → blogs/Real-Time-Api-Monitoring-Solutions.html
✓ Converted real-time-api-monitoring-solutions.md → blog/real-time-api-monitoring-solutions/index.html
✓ Converted real-time-call-monitoring.md → blogs/Real-Time-Call-Monitoring.html
✓ Converted real-time-call-monitoring.md → blog/real-time-call-monitoring/index.html
✓ Converted real-time-configuration-drift-detection-capabilities.md → blogs/Real-Time-Configuration-Drift-Detection-Capabilities.html
✓ Converted real-time-configuration-drift-detection-capabilities.md → blog/real-time-configuration-drift-detection-capabilities/index.html
✓ Converted real-time-incident-alert-systems.md → blogs/Real-Time-Incident-Alert-Systems.html
✓ Converted real-time-incident-alert-systems.md → blog/real-time-incident-alert-systems/index.html
✓ Converted real-time-kubernetes-insights-ai.md → blogs/Real-Time-Kubernetes-Insights-Ai.html
✓ Converted real-time-kubernetes-insights-ai.md → blog/real-time-kubernetes-insights-ai/index.html
✓ Converted real-time-kubernetes-resource-optimization-solutions.md → blogs/Real-Time-Kubernetes-Resource-Optimization-Solutions.html
✓ Converted real-time-kubernetes-resource-optimization-solutions.md → blog/real-time-kubernetes-resource-optimization-solutions/index.html
✓ Converted real-time-pod-rightsizing-software.md → blogs/Real-Time-Pod-Rightsizing-Software.html
✓ Converted real-time-pod-rightsizing-software.md → blog/real-time-pod-rightsizing-software/index.html
✓ Converted real-time-system-monitoring-with-aiops.md → blogs/Real-Time-System-Monitoring-with-Aiops.html
✓ Converted real-time-system-monitoring-with-aiops.md → blog/real-time-system-monitoring-with-aiops/index.html
✓ Converted reboot-careers.md → blogs/Reboot-Careers.html
✓ Converted reboot-careers.md → blog/reboot-careers/index.html
✓ Converted receive-sms-bot.md → blogs/Receive-Sms-Bot.html
✓ Converted receive-sms-bot.md → blog/receive-sms-bot/index.html
✓ Converted refusing-to-merge-unrelated-histories-git.md → blogs/Refusing-to-Merge-Unrelated-Histories-Git.html
✓ Converted refusing-to-merge-unrelated-histories-git.md → blog/refusing-to-merge-unrelated-histories-git/index.html
✓ Converted resolving-imagepullbackoff-and-errimagepull-in-kubernetes.md → blogs/Resolving_ImagePullBackOff_and_ErrImagePull_in_Kubernetes.html
✓ Converted resolving-imagepullbackoff-and-errimagepull-in-kubernetes.md → blog/resolving-imagepullbackoff-and-errimagepull-in-kubernetes/index.html
✓ Converted resolving-kubernetes-node-not-ready-error.md → blogs/Resolving_Kubernetes_Node_Not_Ready_Error.html
✓ Converted resolving-kubernetes-node-not-ready-error.md → blog/resolving-kubernetes-node-not-ready-error/index.html
✓ Converted resourcequota-requests.nvidia.comgpu.md → blogs/Resourcequota-Requests.nvidia.comgpu.html
✓ Converted resourcequota-requests.nvidia.comgpu.md → blog/resourcequota-requests.nvidia.comgpu/index.html
✓ Converted robot-tool-changer.md → blogs/Robot-Tool-Changer.html
✓ Converted robot-tool-changer.md → blog/robot-tool-changer/index.html
✓ Converted robot-tracking.md → blogs/Robot-Tracking.html
✓ Converted robot-tracking.md → blog/robot-tracking/index.html
✓ Converted robotics-word-search.md → blogs/Robotics-Word-Search.html
✓ Converted robotics-word-search.md → blog/robotics-word-search/index.html
✓ Converted robusta-for-memory-leak-auto-remediation-in-kubernetes.md → blogs/Robusta-for-Memory-Leak-Auto-Remediation-in-Kubernetes.html
✓ Converted robusta-for-memory-leak-auto-remediation-in-kubernetes.md → blog/robusta-for-memory-leak-auto-remediation-in-kubernetes/index.html
✓ Converted roll-back-deployments-in-kubernetes.md → blogs/Roll-Back-Deployments-in-Kubernetes.html
✓ Converted roll-back-deployments-in-kubernetes.md → blog/roll-back-deployments-in-kubernetes/index.html
✓ Converted rollback-deployments-kubernetes.md → blogs/Rollback-Deployments-Kubernetes.html
✓ Converted rollback-deployments-kubernetes.md → blog/rollback-deployments-kubernetes/index.html
✓ Converted root-robots.md → blogs/Root-Robots.html
✓ Converted root-robots.md → blog/root-robots/index.html
✓ Converted runbook-strategies-for-handling-unexpected-azure-automation-failures.md → blogs/Runbook-Strategies-for-Handling-Unexpected-Azure-Automation-Failures.html
✓ Converted runbook-strategies-for-handling-unexpected-azure-automation-failures.md → blog/runbook-strategies-for-handling-unexpected-azure-automation-failures/index.html
✓ Converted samp-ios-download.md → blogs/Samp-Ios-Download.html
✓ Converted samp-ios-download.md → blog/samp-ios-download/index.html
✓ Converted scaleops-kubernetes-cost-optimization.md → blogs/Scaleops-Kubernetes-Cost-Optimization.html
✓ Converted scaleops-kubernetes-cost-optimization.md → blog/scaleops-kubernetes-cost-optimization/index.html
✓ Converted scheduling-downtime.md → blogs/Scheduling-Downtime.html
✓ Converted scheduling-downtime.md → blog/scheduling-downtime/index.html
✓ Converted secure-kubernetes-with-certificate-manager.md → blogs/Secure-Kubernetes-with-Certificate-Manager.html
✓ Converted secure-kubernetes-with-certificate-manager.md → blog/secure-kubernetes-with-certificate-manager/index.html
✓ Converted secure-your-cloud-with-kubernetes-migration-strategies.md → blogs/Secure-Your-Cloud-with-Kubernetes-Migration-Strategies.html
✓ Converted secure-your-cloud-with-kubernetes-migration-strategies.md → blog/secure-your-cloud-with-kubernetes-migration-strategies/index.html
✓ Converted securing-azure-automation-runbooks-against-cyber-threats.md → blogs/Securing-Azure-Automation-Runbooks-Against-Cyber-Threats.html
✓ Converted securing-azure-automation-runbooks-against-cyber-threats.md → blog/securing-azure-automation-runbooks-against-cyber-threats/index.html
✓ Converted securing-interconnects-in-kubernetes-environments.md → blogs/Securing-Interconnects-in-Kubernetes-Environments.html
✓ Converted securing-interconnects-in-kubernetes-environments.md → blog/securing-interconnects-in-kubernetes-environments/index.html
✓ Converted securing-kubernetes-namespaces-in-a-cloud-native-environment.md → blogs/Securing-Kubernetes-Namespaces-in-a-Cloud-Native-Environment.html
✓ Converted securing-kubernetes-namespaces-in-a-cloud-native-environment.md → blog/securing-kubernetes-namespaces-in-a-cloud-native-environment/index.html
✓ Converted securing-url-monitoring-tools-against-cyber-threats-in-2025.md → blogs/Securing-Url-Monitoring-Tools-Against-Cyber-Threats-in-2025.html
✓ Converted securing-url-monitoring-tools-against-cyber-threats-in-2025.md → blog/securing-url-monitoring-tools-against-cyber-threats-in-2025/index.html
✓ Converted self-healing-kubernetes-clusters-with-ai-operators.md → blogs/Self-Healing-Kubernetes-Clusters-with-Ai-Operators.html
✓ Converted self-healing-kubernetes-clusters-with-ai-operators.md → blog/self-healing-kubernetes-clusters-with-ai-operators/index.html
✓ Converted service-tool-co.md → blogs/Service-Tool-Co.html
✓ Converted service-tool-co.md → blog/service-tool-co/index.html
✓ Converted setting-context.md → blogs/Setting-Context.html
✓ Converted setting-context.md → blog/setting-context/index.html
✓ Converted sigkill.md → blogs/Sigkill.html
✓ Converted sigkill.md → blog/sigkill/index.html
✓ Converted sigsegv-error.md → blogs/Sigsegv-Error.html
✓ Converted sigsegv-error.md → blog/sigsegv-error/index.html
✓ Converted sla-example-pdf.md → blogs/Sla-Example-Pdf.html
✓ Converted sla-example-pdf.md → blog/sla-example-pdf/index.html
✓ Converted slack-integration.md → blogs/slack-integration.html
✓ Converted slack-integration.md → blog/slack-integration/index.html
✓ Converted sms-advanced.md → blogs/Sms-Advanced.html
✓ Converted sms-advanced.md → blog/sms-advanced/index.html
✓ Converted sms-ping.md → blogs/Sms-Ping.html
✓ Converted sms-ping.md → blog/sms-ping/index.html
✓ Converted sms-tracker-online-free.md → blogs/Sms-Tracker-Online-Free.html
✓ Converted sms-tracker-online-free.md → blog/sms-tracker-online-free/index.html
✓ Converted solution-status.md → blogs/Solution-Status.html
✓ Converted solution-status.md → blog/solution-status/index.html
✓ Converted spinnaker-vs-argocd.md → blogs/Spinnaker-Vs-Argocd.html
✓ Converted spinnaker-vs-argocd.md → blog/spinnaker-vs-argocd/index.html
✓ Converted squareup-alternatives.md → blogs/Squareup-Alternatives.html
✓ Converted squareup-alternatives.md → blog/squareup-alternatives/index.html
✓ Converted ssl-error-unable-to-get-local-issuer-certificate.md → blogs/Ssl-Error-Unable-to-Get-Local-Issuer-Certificate.html
✓ Converted ssl-error-unable-to-get-local-issuer-certificate.md → blog/ssl-error-unable-to-get-local-issuer-certificate/index.html
✓ Converted ssl-meter-plugin.md → blogs/Ssl-Meter-Plugin.html
✓ Converted ssl-meter-plugin.md → blog/ssl-meter-plugin/index.html
✓ Converted stack-of-checks.md → blogs/Stack-of-Checks.html
✓ Converted stack-of-checks.md → blog/stack-of-checks/index.html
✓ Converted status-is-pending.md → blogs/Status-Is-Pending.html
✓ Converted status-is-pending.md → blog/status-is-pending/index.html
✓ Converted strategies-for-preventing-coredns-server-crashes-due-to-plugin-misconfigurations.md → blogs/Strategies-for-Preventing-Coredns-Server-Crashes-Due-to-Plugin-Misconfigurations.html
✓ Converted strategies-for-preventing-coredns-server-crashes-due-to-plugin-misconfigurations.md → blog/strategies-for-preventing-coredns-server-crashes-due-to-plugin-misconfigurations/index.html
✓ Converted streamlining-incident-management-with-aiops-key-trends-for-2025.md → blogs/Streamlining-Incident-Management-with-Aiops-Key-Trends-for-2025.html
✓ Converted streamlining-incident-management-with-aiops-key-trends-for-2025.md → blog/streamlining-incident-management-with-aiops-key-trends-for-2025/index.html
✓ Converted svg-heartbeat.md → blogs/Svg-Heartbeat.html
✓ Converted svg-heartbeat.md → blog/svg-heartbeat/index.html
✓ Converted switching-from-weave-to-calico-a-kubernetes-cni-guide.md → blogs/Switching-from-Weave-to-Calico-a-Kubernetes-Cni-Guide.html
✓ Converted switching-from-weave-to-calico-a-kubernetes-cni-guide.md → blog/switching-from-weave-to-calico-a-kubernetes-cni-guide/index.html
✓ Converted synthetics.blog.md → blogs/Synthetics.blog.html
✓ Converted synthetics.blog.md → blog/synthetics.blog/index.html
✓ Converted system-monitoring-alert-optimization.md → blogs/System-Monitoring-Alert-Optimization.html
✓ Converted system-monitoring-alert-optimization.md → blog/system-monitoring-alert-optimization/index.html
✓ Converted teams-webhook-integration.md → blogs/Teams-Webhook-Integration.html
✓ Converted teams-webhook-integration.md → blog/teams-webhook-integration/index.html
✓ Converted telegram-vs-slack.md → blogs/Telegram-Vs-Slack.html
✓ Converted telegram-vs-slack.md → blog/telegram-vs-slack/index.html
✓ Converted the-livenx.md → blogs/The-Livenx.html
✓ Converted the-livenx.md → blog/the-livenx/index.html
✓ Converted the-role-of-coredns-in-kubernetes-service-discovery-best-practices-and-configurations.md → blogs/The-Role-of-Coredns-in-Kubernetes-Service-Discovery-Best-Practices-and-Configurations.html
✓ Converted the-role-of-coredns-in-kubernetes-service-discovery-best-practices-and-configurations.md → blog/the-role-of-coredns-in-kubernetes-service-discovery-best-practices-and-configurations/index.html
✓ Converted the-role-of-edge-computing-in-modern-url-monitoring.md → blogs/The-Role-of-Edge-Computing-in-Modern-Url-Monitoring.html
✓ Converted the-role-of-edge-computing-in-modern-url-monitoring.md → blog/the-role-of-edge-computing-in-modern-url-monitoring/index.html
✓ Converted the-site-is-due-maintenance-1.md → blogs/The-Site-Is-Due-Maintenance-1.html
✓ Converted the-site-is-due-maintenance-1.md → blog/the-site-is-due-maintenance-1/index.html
✓ Converted the-site-is-due-maintenance.md → blogs/The-Site-Is-Due-Maintenance.html
✓ Converted the-site-is-due-maintenance.md → blog/the-site-is-due-maintenance/index.html
✓ Converted timbernetes-kubernetes-scaling-solutions.md → blogs/Timbernetes-Kubernetes-Scaling-Solutions.html
✓ Converted timbernetes-kubernetes-scaling-solutions.md → blog/timbernetes-kubernetes-scaling-solutions/index.html
✓ Converted timbernetes-kubernetes-upgrade-guide.md → blogs/Timbernetes-Kubernetes-Upgrade-Guide.html
✓ Converted timbernetes-kubernetes-upgrade-guide.md → blog/timbernetes-kubernetes-upgrade-guide/index.html
✓ Converted timbernetes-system-monitoring-integration.md → blogs/Timbernetes-System-Monitoring-Integration.html
✓ Converted timbernetes-system-monitoring-integration.md → blog/timbernetes-system-monitoring-integration/index.html
✓ Converted tool-add-member-telegram.md → blogs/Tool-Add-Member-Telegram.html
✓ Converted tool-add-member-telegram.md → blog/tool-add-member-telegram/index.html
✓ Converted tools-for-automatically-rightsizing-kubernets-pods-in-production-environments.md → blogs/Tools-for-Automatically-Rightsizing-Kubernets-Pods-in-Production-Environments.html
✓ Converted tools-for-automatically-rightsizing-kubernets-pods-in-production-environments.md → blog/tools-for-automatically-rightsizing-kubernets-pods-in-production-environments/index.html
✓ Converted top-kubernetes-cost-management-solutions.md → blogs/Top-Kubernetes-Cost-Management-Solutions.html
✓ Converted top-kubernetes-cost-management-solutions.md → blog/top-kubernetes-cost-management-solutions/index.html
✓ Converted top-kubernetes-tools-for-enhanced-security-and-cost-efficiency-in-2025.md → blogs/Top-Kubernetes-Tools-for-Enhanced-Security-and-Cost-Efficiency-in-2025.html
✓ Converted top-kubernetes-tools-for-enhanced-security-and-cost-efficiency-in-2025.md → blog/top-kubernetes-tools-for-enhanced-security-and-cost-efficiency-in-2025/index.html
✓ Converted top-tools-for-automated-ssl-certificate-discovery-and-monitoring-1.md → blogs/Top-Tools-for-Automated-Ssl-Certificate-Discovery-and-Monitoring-1.html
✓ Converted top-tools-for-automated-ssl-certificate-discovery-and-monitoring-1.md → blog/top-tools-for-automated-ssl-certificate-discovery-and-monitoring-1/index.html
✓ Converted top-tools-for-automated-ssl-certificate-discovery-and-monitoring.md → blogs/Top-Tools-for-Automated-Ssl-Certificate-Discovery-and-Monitoring.html
✓ Converted top-tools-for-automated-ssl-certificate-discovery-and-monitoring.md → blog/top-tools-for-automated-ssl-certificate-discovery-and-monitoring/index.html
✓ Converted troubleshooting-azure-automation-account-permissions-errors.md → blogs/Troubleshooting-Azure-Automation-Account-Permissions-Errors.html
✓ Converted troubleshooting-azure-automation-account-permissions-errors.md → blog/troubleshooting-azure-automation-account-permissions-errors/index.html
✓ Converted troubleshooting-cold-start-response-time-delays-in-serverless-environments.md → blogs/Troubleshooting-Cold-Start-Response-Time-Delays-in-Serverless-Environments.html
✓ Converted troubleshooting-cold-start-response-time-delays-in-serverless-environments.md → blog/troubleshooting-cold-start-response-time-delays-in-serverless-environments/index.html
✓ Converted troubleshooting-coredns-pods-stuck-in-a-pending-state-on-aws-eks.md → blogs/Troubleshooting-Coredns-Pods-Stuck-in-a-Pending-State-on-Aws-Eks.html
✓ Converted troubleshooting-coredns-pods-stuck-in-a-pending-state-on-aws-eks.md → blog/troubleshooting-coredns-pods-stuck-in-a-pending-state-on-aws-eks/index.html
✓ Converted troubleshooting-elasticsearch-backlog-of-pending-tasks.md → blogs/Troubleshooting-Elasticsearch-Backlog-of-Pending-Tasks.html
✓ Converted troubleshooting-elasticsearch-backlog-of-pending-tasks.md → blog/troubleshooting-elasticsearch-backlog-of-pending-tasks/index.html
✓ Converted troubleshooting-elasticsearch-cluster-failures-and-instability.md → blogs/Troubleshooting-Elasticsearch-Cluster-Failures-and-Instability.html
✓ Converted troubleshooting-elasticsearch-cluster-failures-and-instability.md → blog/troubleshooting-elasticsearch-cluster-failures-and-instability/index.html
✓ Converted troubleshooting-elasticsearch-shard-initialization-failures-on-kubernetes.md → blogs/Troubleshooting-Elasticsearch-Shard-Initialization-Failures-on-Kubernetes.html
✓ Converted troubleshooting-elasticsearch-shard-initialization-failures-on-kubernetes.md → blog/troubleshooting-elasticsearch-shard-initialization-failures-on-kubernetes/index.html
✓ Converted troubleshooting-elasticsearch-unassigned-shards-incident-on-kubernetes.md → blogs/Troubleshooting-Elasticsearch-Unassigned-Shards-Incident-on-Kubernetes.html
✓ Converted troubleshooting-elasticsearch-unassigned-shards-incident-on-kubernetes.md → blog/troubleshooting-elasticsearch-unassigned-shards-incident-on-kubernetes/index.html
✓ Converted troubleshooting-elasticsearch-unassigned-shards-kubernetes.md → blogs/Troubleshooting-Elasticsearch-Unassigned-Shards-Kubernetes.html
✓ Converted troubleshooting-elasticsearch-unassigned-shards-kubernetes.md → blog/troubleshooting-elasticsearch-unassigned-shards-kubernetes/index.html
✓ Converted troubleshooting-intermittent-coredns-dns-resolution-failures-in-kubernetes-clusters.md → blogs/Troubleshooting-Intermittent-Coredns-Dns-Resolution-Failures-in-Kubernetes-Clusters.html
✓ Converted troubleshooting-intermittent-coredns-dns-resolution-failures-in-kubernetes-clusters.md → blog/troubleshooting-intermittent-coredns-dns-resolution-failures-in-kubernetes-clusters/index.html
✓ Converted troubleshooting-kubeapidown.md → blogs/Troubleshooting-KubeAPIDown.html
✓ Converted troubleshooting-kubeapidown.md → blog/troubleshooting-kubeapidown/index.html
✓ Converted troubleshooting-kubernetes-certificate-manager-issues.md → blogs/Troubleshooting-Kubernetes-Certificate-Manager-Issues.html
✓ Converted troubleshooting-kubernetes-certificate-manager-issues.md → blog/troubleshooting-kubernetes-certificate-manager-issues/index.html
✓ Converted troubleshooting-kubernetes-gateway-issues.md → blogs/Troubleshooting-Kubernetes-Gateway-Issues.html
✓ Converted troubleshooting-kubernetes-gateway-issues.md → blog/troubleshooting-kubernetes-gateway-issues/index.html
✓ Converted troubleshooting-kubernetes-ingress-issues.md → blogs/Troubleshooting-Kubernetes-Ingress-Issues.html
✓ Converted troubleshooting-kubernetes-ingress-issues.md → blog/troubleshooting-kubernetes-ingress-issues/index.html
✓ Converted troubleshooting-kubernetes-pod-restarts-in-2025.md → blogs/Troubleshooting-Kubernetes-Pod-Restarts-in-2025.html
✓ Converted troubleshooting-kubernetes-pod-restarts-in-2025.md → blog/troubleshooting-kubernetes-pod-restarts-in-2025/index.html
✓ Converted troubleshooting-networking-errors-in-kubernetes.md → blogs/Troubleshooting-Networking-Errors-in-Kubernetes.html
✓ Converted troubleshooting-networking-errors-in-kubernetes.md → blog/troubleshooting-networking-errors-in-kubernetes/index.html
✓ Converted troubleshooting-networking-errors-kubernetes.md → blogs/Troubleshooting-Networking-Errors-Kubernetes.html
✓ Converted troubleshooting-networking-errors-kubernetes.md → blog/troubleshooting-networking-errors-kubernetes/index.html
✓ Converted troubleshooting-unhealthy-elasticsearch-nodes-kubernetes.md → blogs/Troubleshooting-Unhealthy-Elasticsearch-Nodes-Kubernetes.html
✓ Converted troubleshooting-unhealthy-elasticsearch-nodes-kubernetes.md → blog/troubleshooting-unhealthy-elasticsearch-nodes-kubernetes/index.html
✓ Converted troubleshooting-unhealthy-elasticsearch-nodes-on-kubernetes.md → blogs/Troubleshooting-Unhealthy-Elasticsearch-Nodes-on-Kubernetes.html
✓ Converted troubleshooting-unhealthy-elasticsearch-nodes-on-kubernetes.md → blog/troubleshooting-unhealthy-elasticsearch-nodes-on-kubernetes/index.html
✓ Converted troubleshooting-unhealthy-kubernetes-daemonsets-a-comprehensive-guide.md → blogs/Troubleshooting-Unhealthy-Kubernetes-DaemonSets-A-Comprehensive-Guide.html
✓ Converted troubleshooting-unhealthy-kubernetes-daemonsets-a-comprehensive-guide.md → blog/troubleshooting-unhealthy-kubernetes-daemonsets-a-comprehensive-guide/index.html
✓ Converted turtle-wow-error-132.md → blogs/Turtle-Wow-Error-132.html
✓ Converted turtle-wow-error-132.md → blog/turtle-wow-error-132/index.html
✓ Converted ubuntu-没有-ping.md → blogs/Ubuntu-没有-Ping.html
✓ Converted ubuntu-没有-ping.md → blog/ubuntu-没有-ping/index.html
✓ Converted ubuntu.md → blogs/Ubuntu.html
✓ Converted ubuntu.md → blog/ubuntu/index.html
✓ Converted unable-to-get-local-issuer-certificate-npm.md → blogs/Unable-to-Get-Local-Issuer-Certificate-Npm.html
✓ Converted unable-to-get-local-issuer-certificate-npm.md → blog/unable-to-get-local-issuer-certificate-npm/index.html
✓ Converted unable-to-merge-unrelated-histories-in-this-repository.md → blogs/Unable-to-Merge-Unrelated-Histories-in-This-Repository.html
✓ Converted unable-to-merge-unrelated-histories-in-this-repository.md → blog/unable-to-merge-unrelated-histories-in-this-repository/index.html
✓ Converted understanding-kubernetes-crashloopbackoff.md → blogs/Understanding_Kubernetes_CrashLoopBackOff.html
✓ Converted understanding-kubernetes-crashloopbackoff.md → blog/understanding-kubernetes-crashloopbackoff/index.html
✓ Converted understanding-kubernetes-pending-pod.md → blogs/Understanding_Kubernetes_Pending-pod.html
✓ Converted understanding-kubernetes-pending-pod.md → blog/understanding-kubernetes-pending-pod/index.html
✓ Converted understanding-kubernetes-role-in-modern-cloud-infrastructure-development.md → blogs/Understanding-Kubernetes-Role-in-Modern-Cloud-Infrastructure-Development.html
✓ Converted understanding-kubernetes-role-in-modern-cloud-infrastructure-development.md → blog/understanding-kubernetes-role-in-modern-cloud-infrastructure-development/index.html
✓ Converted understanding-kubernetes-terminating-state.md → blogs/Understanding_Kubernetes_Terminating_State.html
✓ Converted understanding-kubernetes-terminating-state.md → blog/understanding-kubernetes-terminating-state/index.html
✓ Converted understanding-privileged-containers-kubernetes.md → blogs/Understanding-Privileged-Containers-Kubernetes.html
✓ Converted understanding-privileged-containers-kubernetes.md → blog/understanding-privileged-containers-kubernetes/index.html
✓ Converted upt-careers.md → blogs/Upt-Careers.html
✓ Converted upt-careers.md → blog/upt-careers/index.html
✓ Converted upt-jobs.md → blogs/Upt-Jobs.html
✓ Converted upt-jobs.md → blog/upt-jobs/index.html
✓ Converted uptime-in-manufacturing.md → blogs/Uptime-in-Manufacturing.html
✓ Converted uptime-in-manufacturing.md → blog/uptime-in-manufacturing/index.html
✓ Converted uptime-pro-1.md → blogs/Uptime-Pro-1.html
✓ Converted uptime-pro-1.md → blog/uptime-pro-1/index.html
✓ Converted uptime-pro.md → blogs/Uptime-Pro.html
✓ Converted uptime-pro.md → blog/uptime-pro/index.html
✓ Converted uptime-self-hosted-1.md → blogs/Uptime-Self-Hosted-1.html
✓ Converted uptime-self-hosted-1.md → blog/uptime-self-hosted-1/index.html
✓ Converted uptime-self-hosted.md → blogs/Uptime-Self-Hosted.html
✓ Converted uptime-self-hosted.md → blog/uptime-self-hosted/index.html
✓ Converted url-availability-monitoring.md → blogs/Url-Availability-Monitoring.html
✓ Converted url-availability-monitoring.md → blog/url-availability-monitoring/index.html
✓ Converted url-downtime-alerts.md → blogs/Url-Downtime-Alerts.html
✓ Converted url-downtime-alerts.md → blog/url-downtime-alerts/index.html
✓ Converted url-health-check-integration.md → blogs/Url-Health-Check-Integration.html
✓ Converted url-health-check-integration.md → blog/url-health-check-integration/index.html
✓ Converted url-latency-measurement.md → blogs/Url-Latency-Measurement.html
✓ Converted url-latency-measurement.md → blog/url-latency-measurement/index.html
✓ Converted url-monitoring-best-practices.md → blogs/Url-Monitoring-Best-Practices.html
✓ Converted url-monitoring-best-practices.md → blog/url-monitoring-best-practices/index.html
✓ Converted url-monitoring-for-developers.md → blogs/Url-Monitoring-for-Developers.html
✓ Converted url-monitoring-for-developers.md → blog/url-monitoring-for-developers/index.html
✓ Converted url-monitoring-in-cloud-infrastructure.md → blogs/Url-Monitoring-in-Cloud-Infrastructure.html
✓ Converted url-monitoring-in-cloud-infrastructure.md → blog/url-monitoring-in-cloud-infrastructure/index.html
✓ Converted url-monitoring-strategy-adjustments-for-bitcoin-volatility-impacts.md → blogs/Url-Monitoring-Strategy-Adjustments-for-Bitcoin-Volatility-Impacts.html
✓ Converted url-monitoring-strategy-adjustments-for-bitcoin-volatility-impacts.md → blog/url-monitoring-strategy-adjustments-for-bitcoin-volatility-impacts/index.html
✓ Converted url-monitoring-tools.md → blogs/Url-Monitoring-Tools.html
✓ Converted url-monitoring-tools.md → blog/url-monitoring-tools/index.html
✓ Converted url-response-time-analysis.md → blogs/Url-Response-Time-Analysis.html
✓ Converted url-response-time-analysis.md → blog/url-response-time-analysis/index.html
✓ Converted url-uptime-tracking.md → blogs/Url-Uptime-Tracking.html
✓ Converted url-uptime-tracking.md → blog/url-uptime-tracking/index.html
✓ Converted using-aiops-to-enhance-network-performance.md → blogs/Using-Aiops-to-Enhance-Network-Performance.html
✓ Converted using-aiops-to-enhance-network-performance.md → blog/using-aiops-to-enhance-network-performance/index.html
✓ Converted using-azure-logic-apps-for-automated-incident-responses.md → blogs/Using-Azure-Logic-Apps-for-Automated-Incident-Responses.html
✓ Converted using-azure-logic-apps-for-automated-incident-responses.md → blog/using-azure-logic-apps-for-automated-incident-responses/index.html
✓ Converted using-kubectl-for-real-time-event-streaming.md → blogs/Using-Kubectl-for-Real-Time-Event-Streaming.html
✓ Converted using-kubectl-for-real-time-event-streaming.md → blog/using-kubectl-for-real-time-event-streaming/index.html
✓ Converted using-kubernetes-vertical-scaling-introduced-in-2025.md → blogs/Using-Kubernetes-Vertical-Scaling-Introduced-in-2025.html
✓ Converted using-kubernetes-vertical-scaling-introduced-in-2025.md → blog/using-kubernetes-vertical-scaling-introduced-in-2025/index.html
✓ Converted using-powershell-for-url-status-monitoring-in-windows-environments.md → blogs/Using-Powershell-for-Url-Status-Monitoring-in-Windows-Environments.html
✓ Converted using-powershell-for-url-status-monitoring-in-windows-environments.md → blog/using-powershell-for-url-status-monitoring-in-windows-environments/index.html
✓ Converted vps-mx-1.md → blogs/Vps-Mx-1.html
✓ Converted vps-mx-1.md → blog/vps-mx-1/index.html
✓ Converted webseitenwartung.md → blogs/Webseitenwartung.html
✓ Converted webseitenwartung.md → blog/webseitenwartung/index.html
✓ Converted what's-the-most-effective-way-to-manage-kubernetes-costs.md → blogs/What's-the-Most-Effective-Way-to-Manage-Kubernetes-Costs.html
✓ Converted what's-the-most-effective-way-to-manage-kubernetes-costs.md → blog/what's-the-most-effective-way-to-manage-kubernetes-costs/index.html
✓ Converted what-do-probes-do.md → blogs/What-Do-Probes-Do.html
✓ Converted what-do-probes-do.md → blog/what-do-probes-do/index.html
✓ Converted what-is-a-keyword-monitor-1.md → blogs/What-Is-a-Keyword-Monitor-1.html
✓ Converted what-is-a-keyword-monitor-1.md → blog/what-is-a-keyword-monitor-1/index.html
✓ Converted what-is-a-keyword-monitor.md → blogs/What-Is-a-Keyword-Monitor.html
✓ Converted what-is-a-keyword-monitor.md → blog/what-is-a-keyword-monitor/index.html
✓ Converted what-is-a-kubernetes-tolerations-and-tains.md → blogs/What-Is-a-Kubernetes-Tolerations-and-Tains.html
✓ Converted what-is-a-kubernetes-tolerations-and-tains.md → blog/what-is-a-kubernetes-tolerations-and-tains/index.html
✓ Converted what-is-a-subnet-in-crypto.md → blogs/What-Is-a-Subnet-in-Crypto.html
✓ Converted what-is-a-subnet-in-crypto.md → blog/what-is-a-subnet-in-crypto/index.html
✓ Converted what-is-cpu-throttling.md → blogs/What-Is-Cpu-Throttling.html
✓ Converted what-is-cpu-throttling.md → blog/what-is-cpu-throttling/index.html
✓ Converted what-is-sli-in-shipping.md → blogs/What-Is-Sli-in-Shipping.html
✓ Converted what-is-sli-in-shipping.md → blog/what-is-sli-in-shipping/index.html
✓ Converted what-is-the-best-way-to-prevent-container-drift-1.md → blogs/What-Is-the-Best-Way-to-Prevent-Container-Drift-1.html
✓ Converted what-is-the-best-way-to-prevent-container-drift-1.md → blog/what-is-the-best-way-to-prevent-container-drift-1/index.html
✓ Converted what-is-the-best-way-to-prevent-container-drift.md → blogs/What-Is-the-Best-Way-to-Prevent-Container-Drift.html
✓ Converted what-is-the-best-way-to-prevent-container-drift.md → blog/what-is-the-best-way-to-prevent-container-drift/index.html
✓ Converted wordpress-devops.md → blogs/Wordpress-Devops.html
✓ Converted wordpress-devops.md → blog/wordpress-devops/index.html
✓ Converted wordpress.md → blogs/Wordpress.html
✓ Converted wordpress.md → blog/wordpress/index.html
✓ Converted zabbix-web-scenario-troubleshooting-for-400-errors.md → blogs/Zabbix-Web-Scenario-Troubleshooting-for-400-Errors.html
✓ Converted zabbix-web-scenario-troubleshooting-for-400-errors.md → blog/zabbix-web-scenario-troubleshooting-for-400-errors/index.html

✓ Successfully converted 651 blog posts to HTML

Generating blog listing page...
✓ Generated blog listing page: blog/index.html
Fixed Achieving-Enterprise-Readiness-with-Kubernetes-in-2025.html: 8 → 106 chars
Fixed Aiops-Implementation-Guide.html: 8 → 100 chars
Fixed Alertmend-Automated-Incident-Remediation.html: 8 → 98 chars
Fixed Alertmend-Call-Alerting.html: 8 → 104 chars
Fixed Alertmend-Call-Automation.html: 8 → 102 chars
Fixed Alertmend-Call-Scheduling-Software.html: 8 → 105 chars
Fixed Alertmend-Devops-Incident-Automation.html: 8 → 104 chars
Fixed Alertmend-Devops-Runbook-Automation.html: 8 → 103 chars
Fixed Alertmend-Incident-Management-Framework.html: 8 → 108 chars
Fixed Alertmend-Incident-Management-Smb.html: 8 → 106 chars
Fixed Alertmend-Incident-Resolution-Software.html: 8 → 109 chars
Fixed Alertmend-Incident-Response-Automation-Tools.html: 8 → 106 chars
Fixed Alertmend-Incident-Response-Tool-Startups.html: 8 → 107 chars
Fixed Alertmend-Runbook-Orchestration.html: 8 → 106 chars
Fixed Alertmend-Slack-Incident-Escalation.html: 8 → 103 chars
Fixed Alertmend-Slack-Ops-Incident-Management.html: 8 → 104 chars
Fixed Alertmend-Sre-Incident-Response.html: 8 → 99 chars
Fixed Api-Error-Tracking-Systems.html: 45 → 100 chars
Fixed Best-Practices-for-Utilizing-Savvy-in-Runbook-Management.html: 8 → 108 chars
Fixed Better-Stack-Alternatives.html: 8 → 99 chars
Fixed Building-Scalable-Incident-Response-Systems-for-Enterprises.html: 8 → 106 chars
Fixed Creating-Effective-Runbook-Templates-for-Devops-Teams.html: 8 → 111 chars
Fixed Cross-Industry-Analysis-of-Url-Traffic-Trends-with-Urltrends.html: 8 → 109 chars
Fixed Deny-Access-to-This-Computer-from-the-Network.html: 27 → 104 chars
Fixed Docker-Container-Monitoring-Best-Practices.html: 8 → 110 chars
Fixed Dynamic-Resource-Allocation-in-Kubernetes-Tips-for-Optimizing-Cloud-Costs.html: 8 → 109 chars
Fixed Edge-Computing-Systems-with-Kubernetes-Read-Online.html: 8 → 106 chars
Fixed Enhancing-Incident-Response-with-Redis-Cache-Outage-Playbooks.html: 8 → 106 chars
Fixed Openocd-Exited-with-Code-1.html: 8 → 112 chars
Fixed Opentelemetry-Collector-Setup-in-Kubernetes.html: 8 → 111 chars
Fixed Optimizing-Kubernetes-Observability-with-Ai.html: 8 → 111 chars
Fixed Robusta-for-Memory-Leak-Auto-Remediation-in-Kubernetes.html: 8 → 108 chars
Fixed Securing-Interconnects-in-Kubernetes-Environments.html: 8 → 104 chars
Fixed Troubleshooting-Kubernetes-Gateway-Issues.html: 8 → 109 chars
Fixed Ubuntu.html: 34 → 105 chars
Fixed Uptime-Pro-1.html: 32 → 100 chars
Fixed Uptime-Self-Hosted.html: 8 → 98 chars
Fixed Url-Monitoring-Strategy-Adjustments-for-Bitcoin-Volatility-Impacts.html: 7 → 107 chars
Fixed Using-Azure-Logic-Apps-for-Automated-Incident-Responses.html: 8 → 104 chars
Fixed What-Is-Sli-in-Shipping.html: 46 → 103 chars

Fixed 40 HTML files with invalid descriptions.

> alertmend-ai@1.0.0 validate:blogs
> node scripts/validate-blogs.js

🔍 Starting blog validation...

📝 Validating markdown files...
   ✓ Validated 651 markdown files

🌐 Validating generated HTML files...
   ✓ Validated 651 HTML files

🗺️  Validating sitemap...
   ✓ Validated sitemap entries


============================================================
📊 VALIDATION RESULTS
============================================================

❌ ERRORS (23):
   ❌ achieving-enterprise-readiness-with-kubernetes-in-2025.md: Title too long (61 chars, max 60): "Achieving Enterprise Readiness With Kubernetes | AlertMend AI"
   ❌ ai-driven-automation-trends-in-kubernetes-2025.md: Title too long (61 chars, max 60): "Ai-Driven Automation Trends In Kubernetes 2025 | AlertMend AI"
   ❌ aiops-trends-in-cloud-native-application-management.md: Title too long (66 chars, max 60): "Aiops Trends In Cloud-Native Application Management | AlertMend AI"
   ❌ alertmend-auto-remediation-tools.md: Title too long (61 chars, max 60): "Unleashing the Power of Auto Remediation Tools | AlertMend AI"
   ❌ alertmend-aws-incident-management.md: Title too long (62 chars, max 60): "Unleashing the Power of AWS Incident Management | AlertMend AI"
   ❌ alertmend-incident-automation.md: Title too long (70 chars, max 60): "Incident Automation with AlertMend: Complete Guide 2026 | AlertMend AI"
   ❌ alertmend-incident-resolution-software.md: Title too long (71 chars, max 60): "Mastering Incident Resolution Software for Modern DevOps | AlertMend AI"
   ❌ alertmend-incident-response-tool-startups.md: Title too long (75 chars, max 60): "Unleashing the Potential of Incident Response Tools for S... | AlertMend AI"
   ❌ alertmend-kubernetes-self-healing.md: Title too long (66 chars, max 60): "Mastering Kubernetes Self-Healing for Modern DevOps | AlertMend AI"
   ❌ alertmend-runbook-orchestration.md: Title too long (64 chars, max 60): "Mastering Runbook Orchestration for Modern DevOps | AlertMend AI"
   ❌ alertmend-slack-ops-incident-management.md: Title too long (68 chars, max 60): "Unleashing the Power of Slack Ops Incident Management | AlertMend AI"
   ❌ auto-remediation-pipelines-for-managed-kubernetes-clusters.md: Title too long (73 chars, max 60): "Auto-Remediation Pipelines For Managed Kubernetes Clusters | AlertMend AI"
   ❌ best-practices-for-kubernetes-service-clustering.md: Title too long (63 chars, max 60): "Best Practices For Kubernetes Service Clustering | AlertMend AI"
   ❌ best-practices-for-url-monitoring-with-nagios-in-hybrid-clouds.md: Title too long (75 chars, max 60): "Best Practices For Url Monitoring With Nagios In Hybrid C... | AlertMend AI"
   ❌ best-practices-for-utilizing-savvy-in-runbook-management.md: Title too long (71 chars, max 60): "Best Practices For Utilizing Savvy In Runbook Management | AlertMend AI"
   ❌ building-incident-response-runbooks-with-ai-integration.md: Title too long (70 chars, max 60): "Building Incident Response Runbooks With Ai Integration | AlertMend AI"
   ❌ building-scalable-incident-response-systems-for-enterprises.md: Title too long (74 chars, max 60): "Building Scalable Incident Response Systems For Enterprises | AlertMend AI"
   ❌ configmap-change-auto-reflect-solutions-in-kubernetes.md: Title too long (68 chars, max 60): "Configmap Change Auto-Reflect Solutions In Kubernetes | AlertMend AI"
   ❌ cost-effective-strategies-for-cloud-infrastructure-monitoring.md: Title too long (75 chars, max 60): "Cost-Effective Strategies For Cloud Infrastructure Monito... | AlertMend AI"
   ❌ cost-effective-strategies-for-scaling-kubernetes-infrastructure.md: Title too long (75 chars, max 60): "Cost-Effective Strategies For Scaling Kubernetes Infrastr... | AlertMend AI"
   ❌ creating-effective-runbook-templates-for-devops-teams.md: Title too long (68 chars, max 60): "Creating Effective Runbook Templates For Devops Teams | AlertMend AI"
   ❌ creating-efficient-kubernetes-alerts-with-event-api.md: Title too long (66 chars, max 60): "Creating Efficient Kubernetes Alerts With Event Api | AlertMend AI"
   ❌ cross-industry-analysis-of-url-traffic-trends-with-urltrends.md: Title too long (75 chars, max 60): "Cross-Industry Analysis Of Url Traffic Trends With Urltrends | AlertMend AI"

❌ Validation FAILED. Please fix the errors above before committing.
